Component: ARM Compiler 5.06 update 6 (build 750) Tool: armlink [4d35ed]

==============================================================================

Section Cross References

    startup_stm32f103xb.o(RESET) refers to startup_stm32f103xb.o(STACK) for __initial_sp
    startup_stm32f103xb.o(RESET) refers to startup_stm32f103xb.o(.text) for Reset_Handler
    startup_stm32f103xb.o(RESET) refers to stm32f1xx_it.o(i.NMI_Handler) for NMI_Handler
    startup_stm32f103xb.o(RESET) refers to stm32f1xx_it.o(i.HardFault_Handler) for HardFault_Handler
    startup_stm32f103xb.o(RESET) refers to stm32f1xx_it.o(i.MemManage_Handler) for MemManage_Handler
    startup_stm32f103xb.o(RESET) refers to stm32f1xx_it.o(i.BusFault_Handler) for BusFault_Handler
    startup_stm32f103xb.o(RESET) refers to stm32f1xx_it.o(i.UsageFault_Handler) for UsageFault_Handler
    startup_stm32f103xb.o(RESET) refers to stm32f1xx_it.o(i.SVC_Handler) for SVC_Handler
    startup_stm32f103xb.o(RESET) refers to stm32f1xx_it.o(i.DebugMon_Handler) for DebugMon_Handler
    startup_stm32f103xb.o(RESET) refers to stm32f1xx_it.o(i.PendSV_Handler) for PendSV_Handler
    startup_stm32f103xb.o(RESET) refers to stm32f1xx_it.o(i.SysTick_Handler) for SysTick_Handler
    startup_stm32f103xb.o(RESET) refers to stm32f1xx_it.o(i.DMA1_Channel3_IRQHandler) for DMA1_Channel3_IRQHandler
    startup_stm32f103xb.o(RESET) refers to stm32f1xx_it.o(i.USART3_IRQHandler) for USART3_IRQHandler
    startup_stm32f103xb.o(.text) refers to system_stm32f1xx.o(i.SystemInit) for SystemInit
    startup_stm32f103xb.o(.text) refers to entry.o(.ARM.Collect$$$$00000000) for __main
    main.o(i.SystemClock_Config) refers to memseta.o(.text) for __aeabi_memclr4
    main.o(i.SystemClock_Config) refers to stm32f1xx_hal_rcc.o(i.HAL_RCC_OscConfig) for HAL_RCC_OscConfig
    main.o(i.SystemClock_Config) refers to stm32f1xx_hal_rcc.o(i.HAL_RCC_ClockConfig) for HAL_RCC_ClockConfig
    main.o(i.main) refers to stm32f1xx_hal.o(i.HAL_Init) for HAL_Init
    main.o(i.main) refers to main.o(i.SystemClock_Config) for SystemClock_Config
    main.o(i.main) refers to gpio.o(i.MX_GPIO_Init) for MX_GPIO_Init
    main.o(i.main) refers to dma.o(i.MX_DMA_Init) for MX_DMA_Init
    main.o(i.main) refers to i2c.o(i.MX_I2C1_Init) for MX_I2C1_Init
    main.o(i.main) refers to usart.o(i.MX_USART1_UART_Init) for MX_USART1_UART_Init
    main.o(i.main) refers to usart.o(i.MX_USART2_UART_Init) for MX_USART2_UART_Init
    main.o(i.main) refers to usart.o(i.MX_USART3_UART_Init) for MX_USART3_UART_Init
    main.o(i.main) refers to myiic.o(i.MyIICInit) for MyIICInit
    main.o(i.main) refers to tm1650.o(i.TM1650_Init) for TM1650_Init
    main.o(i.main) refers to tm1650.o(i.DisplayNumber) for DisplayNumber
    main.o(i.main) refers to delay.o(i.delay_ms) for delay_ms
    main.o(i.main) refers to user.o(i.WeighDisplay) for WeighDisplay
    main.o(i.main) refers to stm32f1xx_hal.o(i.HAL_Delay) for HAL_Delay
    main.o(i.main) refers to tm1650.o(i.DisplayOff) for DisplayOff
    main.o(i.main) refers to user.o(i.WeighInit) for WeighInit
    main.o(i.main) refers to syn6288.o(i.SYN_FrameInfo) for SYN_FrameInfo
    main.o(i.main) refers to user.o(i.WeighCount) for WeighCount
    main.o(i.main) refers to usart.o(.bss) for huart3
    main.o(i.main) refers to user.o(.data) for InitFlag
    gpio.o(i.MX_GPIO_Init) refers to stm32f1xx_hal_gpio.o(i.HAL_GPIO_WritePin) for HAL_GPIO_WritePin
    gpio.o(i.MX_GPIO_Init) refers to stm32f1xx_hal_gpio.o(i.HAL_GPIO_Init) for HAL_GPIO_Init
    dma.o(i.MX_DMA_Init) refers to stm32f1xx_hal_cortex.o(i.HAL_NVIC_SetPriority) for HAL_NVIC_SetPriority
    dma.o(i.MX_DMA_Init) refers to stm32f1xx_hal_cortex.o(i.HAL_NVIC_EnableIRQ) for HAL_NVIC_EnableIRQ
    i2c.o(i.HAL_I2C_MspDeInit) refers to stm32f1xx_hal_gpio.o(i.HAL_GPIO_DeInit) for HAL_GPIO_DeInit
    i2c.o(i.HAL_I2C_MspInit) refers to stm32f1xx_hal_gpio.o(i.HAL_GPIO_Init) for HAL_GPIO_Init
    i2c.o(i.MX_I2C1_Init) refers to stm32f1xx_hal_i2c.o(i.HAL_I2C_Init) for HAL_I2C_Init
    i2c.o(i.MX_I2C1_Init) refers to main.o(i.Error_Handler) for Error_Handler
    i2c.o(i.MX_I2C1_Init) refers to i2c.o(.bss) for .bss
    usart.o(i.HAL_UART_MspDeInit) refers to stm32f1xx_hal_gpio.o(i.HAL_GPIO_DeInit) for HAL_GPIO_DeInit
    usart.o(i.HAL_UART_MspDeInit) refers to stm32f1xx_hal_dma.o(i.HAL_DMA_DeInit) for HAL_DMA_DeInit
    usart.o(i.HAL_UART_MspDeInit) refers to stm32f1xx_hal_cortex.o(i.HAL_NVIC_DisableIRQ) for HAL_NVIC_DisableIRQ
    usart.o(i.HAL_UART_MspInit) refers to stm32f1xx_hal_gpio.o(i.HAL_GPIO_Init) for HAL_GPIO_Init
    usart.o(i.HAL_UART_MspInit) refers to stm32f1xx_hal_dma.o(i.HAL_DMA_Init) for HAL_DMA_Init
    usart.o(i.HAL_UART_MspInit) refers to main.o(i.Error_Handler) for Error_Handler
    usart.o(i.HAL_UART_MspInit) refers to stm32f1xx_hal_cortex.o(i.HAL_NVIC_SetPriority) for HAL_NVIC_SetPriority
    usart.o(i.HAL_UART_MspInit) refers to stm32f1xx_hal_cortex.o(i.HAL_NVIC_EnableIRQ) for HAL_NVIC_EnableIRQ
[...]
    Removing stm32f1xx_hal_i2c.o(i.I2C_MasterReceive_RXNE), (232 bytes).
    Removing stm32f1xx_hal_i2c.o(i.I2C_MasterRequestRead), (236 bytes).
    Removing stm32f1xx_hal_i2c.o(i.I2C_MasterRequestWrite), (156 bytes).
    Removing stm32f1xx_hal_i2c.o(i.I2C_MasterTransmit_BTF), (116 bytes).
    Removing stm32f1xx_hal_i2c.o(i.I2C_MasterTransmit_TXE), (182 bytes).
    Removing stm32f1xx_hal_i2c.o(i.I2C_Master_ADDR), (344 bytes).
    Removing stm32f1xx_hal_i2c.o(i.I2C_Master_SB), (140 bytes).
    Removing stm32f1xx_hal_i2c.o(i.I2C_MemoryTransmit_TXE_BTF), (160 bytes).
    Removing stm32f1xx_hal_i2c.o(i.I2C_RequestMemoryRead), (252 bytes).
    Removing stm32f1xx_hal_i2c.o(i.I2C_RequestMemoryWrite), (168 bytes).
    Removing stm32f1xx_hal_i2c.o(i.I2C_Slave_AF), (132 bytes).
    Removing stm32f1xx_hal_i2c.o(i.I2C_Slave_STOPF), (348 bytes).
    Removing stm32f1xx_hal_i2c.o(i.I2C_WaitOnBTFFlagUntilTimeout), (76 bytes).
    Removing stm32f1xx_hal_i2c.o(i.I2C_WaitOnFlagUntilTimeout), (104 bytes).
    Removing stm32f1xx_hal_i2c.o(i.I2C_WaitOnMasterAddressFlagUntilTimeout), (150 bytes).
    Removing stm32f1xx_hal_i2c.o(i.I2C_WaitOnRXNEFlagUntilTimeout), (102 bytes).
    Removing stm32f1xx_hal_i2c.o(i.I2C_WaitOnTXEFlagUntilTimeout), (76 bytes).
    Removing stm32f1xx_hal.o(.rev16_text), (4 bytes).
    Removing stm32f1xx_hal.o(.revsh_text), (4 bytes).
    Removing stm32f1xx_hal.o(.rrx_text), (6 bytes).
    Removing stm32f1xx_hal.o(i.HAL_DBGMCU_DisableDBGSleepMode), (16 bytes).
    Removing stm32f1xx_hal.o(i.HAL_DBGMCU_DisableDBGStandbyMode), (16 bytes).
    Removing stm32f1xx_hal.o(i.HAL_DBGMCU_DisableDBGStopMode), (16 bytes).
    Removing stm32f1xx_hal.o(i.HAL_DBGMCU_EnableDBGSleepMode), (16 bytes).
    Removing stm32f1xx_hal.o(i.HAL_DBGMCU_EnableDBGStandbyMode), (16 bytes).
    Removing stm32f1xx_hal.o(i.HAL_DBGMCU_EnableDBGStopMode), (16 bytes).
    Removing stm32f1xx_hal.o(i.HAL_DeInit), (32 bytes).
    Removing stm32f1xx_hal.o(i.HAL_GetDEVID), (16 bytes).
    Removing stm32f1xx_hal.o(i.HAL_GetHalVersion), (8 bytes).
    Removing stm32f1xx_hal.o(i.HAL_GetREVID), (12 bytes).
    Removing stm32f1xx_hal.o(i.HAL_GetTickFreq), (12 bytes).
    Removing stm32f1xx_hal.o(i.HAL_GetTickPrio), (12 bytes).
    Removing stm32f1xx_hal.o(i.HAL_GetUIDw0), (12 bytes).
    Removing stm32f1xx_hal.o(i.HAL_GetUIDw1), (12 bytes).
    Removing stm32f1xx_hal.o(i.HAL_GetUIDw2), (12 bytes).
    Removing stm32f1xx_hal.o(i.HAL_MspDeInit), (2 bytes).
    Removing stm32f1xx_hal.o(i.HAL_MspInit), (2 bytes).
    Removing stm32f1xx_hal.o(i.HAL_ResumeTick), (14 bytes).
    Removing stm32f1xx_hal.o(i.HAL_SetTickFreq), (36 bytes).
    Removing stm32f1xx_hal.o(i.HAL_SuspendTick), (14 bytes).
    Removing stm32f1xx_hal_rcc.o(.rev16_text), (4 bytes).
    Removing stm32f1xx_hal_rcc.o(.revsh_text), (4 bytes).
    Removing stm32f1xx_hal_rcc.o(.rrx_text), (6 bytes).
    Removing stm32f1xx_hal_rcc.o(i.HAL_RCC_CSSCallback), (2 bytes).
    Removing stm32f1xx_hal_rcc.o(i.HAL_RCC_DeInit), (220 bytes).
    Removing stm32f1xx_hal_rcc.o(i.HAL_RCC_DisableCSS), (12 bytes).
    Removing stm32f1xx_hal_rcc.o(i.HAL_RCC_EnableCSS), (12 bytes).
    Removing stm32f1xx_hal_rcc.o(i.HAL_RCC_GetClockConfig), (64 bytes).
    Removing stm32f1xx_hal_rcc.o(i.HAL_RCC_GetHCLKFreq), (12 bytes).
    Removing stm32f1xx_hal_rcc.o(i.HAL_RCC_GetOscConfig), (144 bytes).
    Removing stm32f1xx_hal_rcc.o(i.HAL_RCC_MCOConfig), (72 bytes).
    Removing stm32f1xx_hal_rcc.o(i.HAL_RCC_NMI_IRQHandler), (24 bytes).
    Removing stm32f1xx_hal_rcc_ex.o(.rev16_text), (4 bytes).
    Removing stm32f1xx_hal_rcc_ex.o(.revsh_text), (4 bytes).
    Removing stm32f1xx_hal_rcc_ex.o(.rrx_text), (6 bytes).
    Removing stm32f1xx_hal_rcc_ex.o(i.HAL_RCCEx_GetPeriphCLKConfig), (44 bytes).
    Removing stm32f1xx_hal_rcc_ex.o(i.HAL_RCCEx_GetPeriphCLKFreq), (200 bytes).
    Removing stm32f1xx_hal_rcc_ex.o(i.HAL_RCCEx_PeriphCLKConfig), (236 bytes).
    Removing stm32f1xx_hal_gpio.o(.rev16_text), (4 bytes).
    Removing stm32f1xx_hal_gpio.o(.revsh_text), (4 bytes).
    Removing stm32f1xx_hal_gpio.o(.rrx_text), (6 bytes).
    Removing stm32f1xx_hal_gpio.o(i.HAL_GPIO_DeInit), (252 bytes).
    Removing stm32f1xx_hal_gpio.o(i.HAL_GPIO_EXTI_Callback), (2 bytes).
    Removing stm32f1xx_hal_gpio.o(i.HAL_GPIO_EXTI_IRQHandler), (24 bytes).
    Removing stm32f1xx_hal_gpio.o(i.HAL_GPIO_LockPin), (34 bytes).
    Removing stm32f1xx_hal_gpio.o(i.HAL_GPIO_TogglePin), (16 bytes).
    Removing stm32f1xx_hal_dma.o(.rev16_text), (4 bytes).
    Removing stm32f1xx_hal_dma.o(.revsh_text), (4 bytes).
    Removing stm32f1xx_hal_dma.o(.rrx_text), (6 bytes).
    Removing stm32f1xx_hal_dma.o(i.HAL_DMA_DeInit), (92 bytes).
    Removing stm32f1xx_hal_dma.o(i.HAL_DMA_GetError), (4 bytes).
    Removing stm32f1xx_hal_dma.o(i.HAL_DMA_GetState), (6 bytes).
    Removing stm32f1xx_hal_dma.o(i.HAL_DMA_PollForTransfer), (532 bytes).
    Removing stm32f1xx_hal_dma.o(i.HAL_DMA_RegisterCallback), (74 bytes).
    Removing stm32f1xx_hal_dma.o(i.HAL_DMA_Start), (80 bytes).
    Removing stm32f1xx_hal_dma.o(i.HAL_DMA_UnRegisterCallback), (82 bytes).
    Removing stm32f1xx_hal_cortex.o(.rev16_text), (4 bytes).
    Removing stm32f1xx_hal_cortex.o(.revsh_text), (4 bytes).
    Removing stm32f1xx_hal_cortex.o(.rrx_text), (6 bytes).
    Removing stm32f1xx_hal_cortex.o(i.HAL_NVIC_ClearPendingIRQ), (26 bytes).
    Removing stm32f1xx_hal_cortex.o(i.HAL_NVIC_DisableIRQ), (34 bytes).
    Removing stm32f1xx_hal_cortex.o(i.HAL_NVIC_GetActive), (36 bytes).
    Removing stm32f1xx_hal_cortex.o(i.HAL_NVIC_GetPendingIRQ), (36 bytes).
    Removing stm32f1xx_hal_cortex.o(i.HAL_NVIC_GetPriority), (82 bytes).
    Removing stm32f1xx_hal_cortex.o(i.HAL_NVIC_GetPriorityGrouping), (16 bytes).
    Removing stm32f1xx_hal_cortex.o(i.HAL_NVIC_SetPendingIRQ), (26 bytes).
    Removing stm32f1xx_hal_cortex.o(i.HAL_NVIC_SystemReset), (36 bytes).
    Removing stm32f1xx_hal_cortex.o(i.HAL_SYSTICK_Callback), (2 bytes).
    Removing stm32f1xx_hal_cortex.o(i.HAL_SYSTICK_IRQHandler), (8 bytes).
    Removing stm32f1xx_hal_pwr.o(.rev16_text), (4 bytes).
    Removing stm32f1xx_hal_pwr.o(.revsh_text), (4 bytes).
    Removing stm32f1xx_hal_pwr.o(.rrx_text), (6 bytes).
    Removing stm32f1xx_hal_pwr.o(i.HAL_PWR_ConfigPVD), (124 bytes).
    Removing stm32f1xx_hal_pwr.o(i.HAL_PWR_DeInit), (24 bytes).
    Removing stm32f1xx_hal_pwr.o(i.HAL_PWR_DisableBkUpAccess), (12 bytes).
    Removing stm32f1xx_hal_pwr.o(i.HAL_PWR_DisablePVD), (12 bytes).
    Removing stm32f1xx_hal_pwr.o(i.HAL_PWR_DisableSEVOnPend), (16 bytes).
    Removing stm32f1xx_hal_pwr.o(i.HAL_PWR_DisableSleepOnExit), (16 bytes).
    Removing stm32f1xx_hal_pwr.o(i.HAL_PWR_DisableWakeUpPin), (28 bytes).
    Removing stm32f1xx_hal_pwr.o(i.HAL_PWR_EnableBkUpAccess), (12 bytes).
    Removing stm32f1xx_hal_pwr.o(i.HAL_PWR_EnablePVD), (12 bytes).
    Removing stm32f1xx_hal_pwr.o(i.HAL_PWR_EnableSEVOnPend), (16 bytes).
    Removing stm32f1xx_hal_pwr.o(i.HAL_PWR_EnableSleepOnExit), (16 bytes).
    Removing stm32f1xx_hal_pwr.o(i.HAL_PWR_EnableWakeUpPin), (28 bytes).
    Removing stm32f1xx_hal_pwr.o(i.HAL_PWR_EnterSLEEPMode), (32 bytes).
    Removing stm32f1xx_hal_pwr.o(i.HAL_PWR_EnterSTANDBYMode), (32 bytes).
    Removing stm32f1xx_hal_pwr.o(i.HAL_PWR_EnterSTOPMode), (68 bytes).
    Removing stm32f1xx_hal_pwr.o(i.HAL_PWR_PVDCallback), (2 bytes).
    Removing stm32f1xx_hal_pwr.o(i.HAL_PWR_PVD_IRQHandler), (28 bytes).
    Removing stm32f1xx_hal_pwr.o(i.PWR_OverloadWfe), (6 bytes).
    Removing stm32f1xx_hal_flash.o(.rev16_text), (4 bytes).
    Removing stm32f1xx_hal_flash.o(.revsh_text), (4 bytes).
    Removing stm32f1xx_hal_flash.o(.rrx_text), (6 bytes).
    Removing stm32f1xx_hal_flash.o(i.FLASH_Program_HalfWord), (28 bytes).
    Removing stm32f1xx_hal_flash.o(i.FLASH_SetErrorCode), (92 bytes).
    Removing stm32f1xx_hal_flash.o(i.FLASH_WaitForLastOperation), (84 bytes).
    Removing stm32f1xx_hal_flash.o(i.HAL_FLASH_EndOfOperationCallback), (2 bytes).
    Removing stm32f1xx_hal_flash.o(i.HAL_FLASH_GetError), (12 bytes).
    Removing stm32f1xx_hal_flash.o(i.HAL_FLASH_IRQHandler), (264 bytes).
    Removing stm32f1xx_hal_flash.o(i.HAL_FLASH_Lock), (20 bytes).
    Removing stm32f1xx_hal_flash.o(i.HAL_FLASH_OB_Launch), (4 bytes).
    Removing stm32f1xx_hal_flash.o(i.HAL_FLASH_OB_Lock), (20 bytes).
    Removing stm32f1xx_hal_flash.o(i.HAL_FLASH_OB_Unlock), (36 bytes).
    Removing stm32f1xx_hal_flash.o(i.HAL_FLASH_OperationErrorCallback), (2 bytes).
    Removing stm32f1xx_hal_flash.o(i.HAL_FLASH_Program), (128 bytes).
    Removing stm32f1xx_hal_flash.o(i.HAL_FLASH_Program_IT), (100 bytes).
    Removing stm32f1xx_hal_flash.o(i.HAL_FLASH_Unlock), (40 bytes).
    Removing stm32f1xx_hal_flash.o(.bss), (32 bytes).
    Removing stm32f1xx_hal_flash_ex.o(.rev16_text), (4 bytes).
    Removing stm32f1xx_hal_flash_ex.o(.revsh_text), (4 bytes).
    Removing stm32f1xx_hal_flash_ex.o(.rrx_text), (6 bytes).
    Removing stm32f1xx_hal_flash_ex.o(i.FLASH_MassErase), (36 bytes).
    Removing stm32f1xx_hal_flash_ex.o(i.FLASH_OB_DisableWRP), (176 bytes).
    Removing stm32f1xx_hal_flash_ex.o(i.FLASH_OB_EnableWRP), (176 bytes).
    Removing stm32f1xx_hal_flash_ex.o(i.FLASH_OB_GetRDP), (24 bytes).
    Removing stm32f1xx_hal_flash_ex.o(i.FLASH_OB_RDP_LevelConfig), (100 bytes).
    Removing stm32f1xx_hal_flash_ex.o(i.FLASH_PageErase), (36 bytes).
    Removing stm32f1xx_hal_flash_ex.o(i.HAL_FLASHEx_Erase), (168 bytes).
    Removing stm32f1xx_hal_flash_ex.o(i.HAL_FLASHEx_Erase_IT), (84 bytes).
    Removing stm32f1xx_hal_flash_ex.o(i.HAL_FLASHEx_OBErase), (84 bytes).
    Removing stm32f1xx_hal_flash_ex.o(i.HAL_FLASHEx_OBGetConfig), (36 bytes).
    Removing stm32f1xx_hal_flash_ex.o(i.HAL_FLASHEx_OBGetUserData), (32 bytes).
    Removing stm32f1xx_hal_flash_ex.o(i.HAL_FLASHEx_OBProgram), (200 bytes).
    Removing stm32f1xx_hal_exti.o(.rev16_text), (4 bytes).
    Removing stm32f1xx_hal_exti.o(.revsh_text), (4 bytes).
    Removing stm32f1xx_hal_exti.o(.rrx_text), (6 bytes).
    Removing stm32f1xx_hal_exti.o(i.HAL_EXTI_ClearConfigLine), (104 bytes).
    Removing stm32f1xx_hal_exti.o(i.HAL_EXTI_ClearPending), (20 bytes).
    Removing stm32f1xx_hal_exti.o(i.HAL_EXTI_GenerateSWI), (20 bytes).
    Removing stm32f1xx_hal_exti.o(i.HAL_EXTI_GetConfigLine), (152 bytes).
    Removing stm32f1xx_hal_exti.o(i.HAL_EXTI_GetHandle), (12 bytes).
    Removing stm32f1xx_hal_exti.o(i.HAL_EXTI_GetPending), (24 bytes).
    Removing stm32f1xx_hal_exti.o(i.HAL_EXTI_IRQHandler), (36 bytes).
    Removing stm32f1xx_hal_exti.o(i.HAL_EXTI_RegisterCallback), (14 bytes).
    Removing stm32f1xx_hal_exti.o(i.HAL_EXTI_SetConfigLine), (164 bytes).
    Removing stm32f1xx_hal_tim.o(.rev16_text), (4 bytes).
    Removing stm32f1xx_hal_tim.o(.revsh_text), (4 bytes).
    Removing stm32f1xx_hal_tim.o(.rrx_text), (6 bytes).
    Removing stm32f1xx_hal_tim_ex.o(.rev16_text), (4 bytes).
    Removing stm32f1xx_hal_tim_ex.o(.revsh_text), (4 bytes).
    Removing stm32f1xx_hal_tim_ex.o(.rrx_text), (6 bytes).
    Removing stm32f1xx_hal_uart.o(.rev16_text), (4 bytes).
    Removing stm32f1xx_hal_uart.o(.revsh_text), (4 bytes).
    Removing stm32f1xx_hal_uart.o(.rrx_text), (6 bytes).
    Removing stm32f1xx_hal_uart.o(i.HAL_HalfDuplex_EnableReceiver), (50 bytes).
    Removing stm32f1xx_hal_uart.o(i.HAL_HalfDuplex_EnableTransmitter), (50 bytes).
    Removing stm32f1xx_hal_uart.o(i.HAL_HalfDuplex_Init), (108 bytes).
    Removing stm32f1xx_hal_uart.o(i.HAL_LIN_Init), (128 bytes).
    Removing stm32f1xx_hal_uart.o(i.HAL_LIN_SendBreak), (46 bytes).
    Removing stm32f1xx_hal_uart.o(i.HAL_MultiProcessor_EnterMuteMode), (46 bytes).
    Removing stm32f1xx_hal_uart.o(i.HAL_MultiProcessor_ExitMuteMode), (46 bytes).
    Removing stm32f1xx_hal_uart.o(i.HAL_MultiProcessor_Init), (142 bytes).
    Removing stm32f1xx_hal_uart.o(i.HAL_UART_Abort), (138 bytes).
    Removing stm32f1xx_hal_uart.o(i.HAL_UART_AbortCpltCallback), (2 bytes).
    Removing stm32f1xx_hal_uart.o(i.HAL_UART_AbortReceive), (88 bytes).
    Removing stm32f1xx_hal_uart.o(i.HAL_UART_AbortReceiveCpltCallback), (2 bytes).
    Removing stm32f1xx_hal_uart.o(i.HAL_UART_AbortReceive_IT), (92 bytes).
    Removing stm32f1xx_hal_uart.o(i.HAL_UART_AbortTransmit), (78 bytes).
    Removing stm32f1xx_hal_uart.o(i.HAL_UART_AbortTransmitCpltCallback), (2 bytes).
    Removing stm32f1xx_hal_uart.o(i.HAL_UART_AbortTransmit_IT), (84 bytes).
    Removing stm32f1xx_hal_uart.o(i.HAL_UART_Abort_IT), (172 bytes).
    Removing stm32f1xx_hal_uart.o(i.HAL_UART_DMAPause), (102 bytes).
    Removing stm32f1xx_hal_uart.o(i.HAL_UART_DMAResume), (94 bytes).
    Removing stm32f1xx_hal_uart.o(i.HAL_UART_DeInit), (50 bytes).
    Removing stm32f1xx_hal_uart.o(i.HAL_UART_GetError), (4 bytes).
    Removing stm32f1xx_hal_uart.o(i.HAL_UART_GetState), (10 bytes).
    Removing stm32f1xx_hal_uart.o(i.HAL_UART_MspDeInit), (2 bytes).
    Removing stm32f1xx_hal_uart.o(i.HAL_UART_MspInit), (2 bytes).
    Removing stm32f1xx_hal_uart.o(i.HAL_UART_Receive), (188 bytes).
    Removing stm32f1xx_hal_uart.o(i.HAL_UART_Receive_IT), (82 bytes).
    Removing stm32f1xx_hal_uart.o(i.HAL_UART_Transmit), (178 bytes).
    Removing stm32f1xx_hal_uart.o(i.HAL_UART_Transmit_DMA), (128 bytes).
    Removing stm32f1xx_hal_uart.o(i.HAL_UART_Transmit_IT), (62 bytes).
    Removing stm32f1xx_hal_uart.o(i.HAL_UART_TxHalfCpltCallback), (2 bytes).
    Removing stm32f1xx_hal_uart.o(i.UART_DMARxAbortCallback), (42 bytes).
    Removing stm32f1xx_hal_uart.o(i.UART_DMARxOnlyAbortCallback), (20 bytes).
    Removing stm32f1xx_hal_uart.o(i.UART_DMATransmitCplt), (46 bytes).
    Removing stm32f1xx_hal_uart.o(i.UART_DMATxAbortCallback), (42 bytes).
    Removing stm32f1xx_hal_uart.o(i.UART_DMATxHalfCplt), (10 bytes).
    Removing stm32f1xx_hal_uart.o(i.UART_DMATxOnlyAbortCallback), (20 bytes).
    Removing stm32f1xx_hal_uart.o(i.UART_WaitOnFlagUntilTimeout), (100 bytes).
    Removing system_stm32f1xx.o(.rev16_text), (4 bytes).
    Removing system_stm32f1xx.o(.revsh_text), (4 bytes).
    Removing system_stm32f1xx.o(.rrx_text), (6 bytes).
    Removing system_stm32f1xx.o(i.SystemCoreClockUpdate), (104 bytes).
    Removing tm1650.o(.rev16_text), (4 bytes).
    Removing tm1650.o(.revsh_text), (4 bytes).
    Removing tm1650.o(.rrx_text), (6 bytes).
    Removing syn6288.o(.rev16_text), (4 bytes).
    Removing syn6288.o(.revsh_text), (4 bytes).
    Removing syn6288.o(.rrx_text), (6 bytes).
    Removing syn6288.o(i.YS_SYN_Set), (34 bytes).
    Removing hx711.o(.rev16_text), (4 bytes).
    Removing hx711.o(.revsh_text), (4 bytes).
    Removing hx711.o(.rrx_text), (6 bytes).
    Removing myiic.o(.rev16_text), (4 bytes).
    Removing myiic.o(.revsh_text), (4 bytes).
    Removing myiic.o(.rrx_text), (6 bytes).
    Removing myiic.o(i.IIC_Ack), (80 bytes).
    Removing myiic.o(i.IIC_NAck), (80 bytes).
    Removing myiic.o(i.IIC_Read_Byte), (108 bytes).
    Removing delay.o(.rev16_text), (4 bytes).
    Removing delay.o(.revsh_text), (4 bytes).
    Removing delay.o(.rrx_text), (6 bytes).
    Removing user.o(.rev16_text), (4 bytes).
    Removing user.o(.revsh_text), (4 bytes).
    Removing user.o(.rrx_text), (6 bytes).
    Removing user.o(.bss), (10 bytes).

316 unused section(s) (total 23240 bytes) removed from the image.

==============================================================================

Image Symbol Table

    Local Symbols

    Symbol Name                              Value     Ov Type        Size  Object(Section)

    ../Core/Src/dma.c                        0x00000000   Number         0  dma.o ABSOLUTE
    ../Core/Src/gpio.c                       0x00000000   Number         0  gpio.o ABSOLUTE
    ../Core/Src/i2c.c                        0x00000000   Number         0  i2c.o ABSOLUTE
    ../Core/Src/main.c                       0x00000000   Number         0  main.o ABSOLUTE
    ../Core/Src/stm32f1xx_hal_msp.c          0x00000000   Number         0  stm32f1xx_hal_msp.o ABSOLUTE
    ../Core/Src/stm32f1xx_it.c               0x00000000   Number         0  stm32f1xx_it.o ABSOLUTE
    ../Core/Src/system_stm32f1xx.c           0x00000000   Number         0  system_stm32f1xx.o ABSOLUTE
    ../Core/Src/usart.c                      0x00000000   Number         0  usart.o ABSOLUTE
    ../Drivers/STM32F1xx_HAL_Driver/Src/stm32f1xx_hal.c 0x00000000   Number         0  stm32f1xx_hal.o ABSOLUTE
    ../Drivers/STM32F1xx_HAL_Driver/Src/stm32f1xx_hal_cortex.c 0x00000000   Number         0  stm32f1xx_hal_cortex.o ABSOLUTE
    ../Drivers/STM32F1xx_HAL_Driver/Src/stm32f1xx_hal_dma.c 0x00000000   Number         0  stm32f1xx_hal_dma.o ABSOLUTE
    ../Drivers/STM32F1xx_HAL_Driver/Src/stm32f1xx_hal_exti.c 0x00000000   Number         0  stm32f1xx_hal_exti.o ABSOLUTE
    ../Drivers/STM32F1xx_HAL_Driver/Src/stm32f1xx_hal_flash.c 0x00000000   Number         0  stm32f1xx_hal_flash.o ABSOLUTE
    ../Drivers/STM32F1xx_HAL_Driver/Src/stm32f1xx_hal_flash_ex.c 0x00000000   Number         0  stm32f1xx_hal_flash_ex.o ABSOLUTE
    ../Drivers/STM32F1xx_HAL_Driver/Src/stm32f1xx_hal_gpio.c 0x00000000   Number         0  stm32f1xx_hal_gpio.o ABSOLUTE
    ../Drivers/STM32F1xx_HAL_Driver/Src/stm32f1xx_hal_gpio_ex.c 0x00000000   Number         0  stm32f1xx_hal_gpio_ex.o ABSOLUTE
    ../Drivers/STM32F1xx_HAL_Driver/Src/stm32f1xx_hal_i2c.c 0x00000000   Number         0  stm32f1xx_hal_i2c.o ABSOLUTE
    ../Drivers/STM32F1xx_HAL_Driver/Src/stm32f1xx_hal_pwr.c 0x00000000   Number         0  stm32f1xx_hal_pwr.o ABSOLUTE
    ../Drivers/STM32F1xx_HAL_Driver/Src/stm32f1xx_hal_rcc.c 0x00000000   Number         0  stm32f1xx_hal_rcc.o ABSOLUTE
    ../Drivers/STM32F1xx_HAL_Driver/Src/stm32f1xx_hal_rcc_ex.c 0x00000000   Number         0  stm32f1xx_hal_rcc_ex.o ABSOLUTE
    ../Drivers/STM32F1xx_HAL_Driver/Src/stm32f1xx_hal_tim.c 0x00000000   Number         0  stm32f1xx_hal_tim.o ABSOLUTE
    ../Drivers/STM32F1xx_HAL_Driver/Src/stm32f1xx_hal_tim_ex.c 0x00000000   Number         0  stm32f1xx_hal_tim_ex.o ABSOLUTE
    ../Drivers/STM32F1xx_HAL_Driver/Src/stm32f1xx_hal_uart.c 0x00000000   Number         0  stm32f1xx_hal_uart.o ABSOLUTE
    ../clib/microlib/division.c              0x00000000   Number         0  uldiv.o ABSOLUTE
    ../clib/microlib/division.c              0x00000000   Number         0  uidiv.o ABSOLUTE
    ../clib/microlib/init/entry.s            0x00000000   Number         0  entry2.o ABSOLUTE
    ../clib/microlib/init/entry.s            0x00000000   Number         0  entry.o ABSOLUTE
    ../clib/microlib/init/entry.s            0x00000000   Number         0  entry7a.o ABSOLUTE
    ../clib/microlib/init/entry.s            0x00000000   Number         0  entry7b.o ABSOLUTE
    ../clib/microlib/init/entry.s            0x00000000   Number         0  entry8a.o ABSOLUTE
    ../clib/microlib/init/entry.s            0x00000000   Number         0  entry8b.o ABSOLUTE
    ../clib/microlib/init/entry.s            0x00000000   Number         0  entry9a.o ABSOLUTE
    ../clib/microlib/init/entry.s            0x00000000   Number         0  entry9b.o ABSOLUTE
    ../clib/microlib/init/entry.s            0x00000000   Number         0  entry10a.o ABSOLUTE
    ../clib/microlib/init/entry.s            0x00000000   Number         0  entry10b.o ABSOLUTE
    ../clib/microlib/init/entry.s            0x00000000   Number         0  entry11a.o ABSOLUTE
    ../clib/microlib/init/entry.s            0x00000000   Number         0  entry11b.o ABSOLUTE
    ../clib/microlib/init/entry.s            0x00000000   Number         0  entry5.o ABSOLUTE
    ../clib/microlib/longlong.c              0x00000000   Number         0  llushr.o ABSOLUTE
    ../clib/microlib/longlong.c              0x00000000   Number         0  llsshr.o ABSOLUTE
    ../clib/microlib/longlong.c              0x00000000   Number         0  llshl.o ABSOLUTE
    ../clib/microlib/printf/printf.c         0x00000000   Number         0  printfa.o ABSOLUTE
    ../clib/microlib/printf/printf.c         0x00000000   Number         0  printf8.o ABSOLUTE
    ../clib/microlib/printf/printf.c         0x00000000   Number         0  printf6.o ABSOLUTE
    ../clib/microlib/printf/printf.c         0x00000000   Number         0  printf5.o ABSOLUTE
    ../clib/microlib/printf/printf.c         0x00000000   Number         0  printfb.o ABSOLUTE
    ../clib/microlib/printf/printf.c         0x00000000   Number         0  printf0.o ABSOLUTE
    ../clib/microlib/printf/printf.c         0x00000000   Number         0  printf1.o ABSOLUTE
    ../clib/microlib/printf/printf.c         0x00000000   Number         0  printf2.o ABSOLUTE
    ../clib/microlib/printf/printf.c         0x00000000   Number         0  printf3.o ABSOLUTE
    ../clib/microlib/printf/printf.c         0x00000000   Number         0  printf7.o ABSOLUTE
    ../clib/microlib/printf/printf.c         0x00000000   Number         0  printf4.o ABSOLUTE
    ../clib/microlib/printf/stubs.s          0x00000000   Number         0  stubs.o ABSOLUTE
    ../clib/microlib/string/memcpy.c         0x00000000   Number         0  memcpyb.o ABSOLUTE
    ../clib/microlib/string/memcpy.c         0x00000000   Number         0  memcpya.o ABSOLUTE
    ../clib/microlib/string/memset.c         0x00000000   Number         0  memseta.o ABSOLUTE
    ../clib/microlib/string/strlen.c         0x00000000   Number         0  strlen.o ABSOLUTE
    ../clib/microlib/stubs.s                 0x00000000   Number         0  iusefp.o ABSOLUTE
    ../clib/microlib/stubs.s                 0x00000000   Number         0  useno.o ABSOLUTE
    ../fplib/microlib/f2d.c                  0x00000000   Number         0  f2d.o ABSOLUTE
    ../fplib/microlib/fpadd.c                0x00000000   Number         0  dadd.o ABSOLUTE
    ../fplib/microlib/fpdiv.c                0x00000000   Number         0  ddiv.o ABSOLUTE
    ../fplib/microlib/fpdiv.c                0x00000000   Number         0  fdiv.o ABSOLUTE
    ../fplib/microlib/fpepilogue.c           0x00000000   Number         0  depilogue.o ABSOLUTE
    ../fplib/microlib/fpepilogue.c           0x00000000   Number         0  fepilogue.o ABSOLUTE
    ../fplib/microlib/fpfix.c                0x00000000   Number         0  dfixul.o ABSOLUTE
    ../fplib/microlib/fpflt.c                0x00000000   Number         0  ffltui.o ABSOLUTE
    ../fplib/microlib/fpmul.c                0x00000000   Number         0  dmul.o ABSOLUTE
    ..\Core\Src\dma.c                        0x00000000   Number         0  dma.o ABSOLUTE
    ..\Core\Src\gpio.c                       0x00000000   Number         0  gpio.o ABSOLUTE
    ..\Core\Src\i2c.c                        0x00000000   Number         0  i2c.o ABSOLUTE
    ..\Core\Src\main.c                       0x00000000   Number         0  main.o ABSOLUTE
    ..\Core\Src\stm32f1xx_hal_msp.c          0x00000000   Number         0  stm32f1xx_hal_msp.o ABSOLUTE
    ..\Core\Src\stm32f1xx_it.c               0x00000000   Number         0  stm32f1xx_it.o ABSOLUTE
    ..\Core\Src\system_stm32f1xx.c           0x00000000   Number         0  system_stm32f1xx.o ABSOLUTE
    ..\Core\Src\usart.c                      0x00000000   Number         0  usart.o ABSOLUTE
    ..\Device\HX711.c                        0x00000000   Number         0  hx711.o ABSOLUTE
    ..\Device\SYN6288.c                      0x00000000   Number         0  syn6288.o ABSOLUTE
    ..\Device\TM1650.c                       0x00000000   Number         0  tm1650.o ABSOLUTE
    ..\Drivers\STM32F1xx_HAL_Driver\Src\stm32f1xx_hal.c 0x00000000   Number         0  stm32f1xx_hal.o ABSOLUTE
    ..\Drivers\STM32F1xx_HAL_Driver\Src\stm32f1xx_hal_cortex.c 0x00000000   Number         0  stm32f1xx_hal_cortex.o ABSOLUTE
    ..\Drivers\STM32F1xx_HAL_Driver\Src\stm32f1xx_hal_dma.c 0x00000000   Number         0  stm32f1xx_hal_dma.o ABSOLUTE
    ..\Drivers\STM32F1xx_HAL_Driver\Src\stm32f1xx_hal_exti.c 0x00000000   Number         0  stm32f1xx_hal_exti.o ABSOLUTE
    ..\Drivers\STM32F1xx_HAL_Driver\Src\stm32f1xx_hal_flash.c 0x00000000   Number         0  stm32f1xx_hal_flash.o ABSOLUTE
    ..\Drivers\STM32F1xx_HAL_Driver\Src\stm32f1xx_hal_flash_ex.c 0x00000000   Number         0  stm32f1xx_hal_flash_ex.o ABSOLUTE
    ..\Drivers\STM32F1xx_HAL_Driver\Src\stm32f1xx_hal_gpio.c 0x00000000   Number         0  stm32f1xx_hal_gpio.o ABSOLUTE
    ..\Drivers\STM32F1xx_HAL_Driver\Src\stm32f1xx_hal_gpio_ex.c 0x00000000   Number         0  stm32f1xx_hal_gpio_ex.o ABSOLUTE
    ..\Drivers\STM32F1xx_HAL_Driver\Src\stm32f1xx_hal_i2c.c 0x00000000   Number         0  stm32f1xx_hal_i2c.o ABSOLUTE
    ..\Drivers\STM32F1xx_HAL_Driver\Src\stm32f1xx_hal_pwr.c 0x00000000   Number         0  stm32f1xx_hal_pwr.o ABSOLUTE
    ..\Drivers\STM32F1xx_HAL_Driver\Src\stm32f1xx_hal_rcc.c 0x00000000   Number         0  stm32f1xx_hal_rcc.o ABSOLUTE
    ..\Drivers\STM32F1xx_HAL_Driver\Src\stm32f1xx_hal_rcc_ex.c 0x00000000   Number         0  stm32f1xx_hal_rcc_ex.o ABSOLUTE
    ..\Drivers\STM32F1xx_HAL_Driver\Src\stm32f1xx_hal_tim.c 0x00000000   Number         0  stm32f1xx_hal_tim.o ABSOLUTE
    ..\Drivers\STM32F1xx_HAL_Driver\Src\stm32f1xx_hal_tim_ex.c 0x00000000   Number         0  stm32f1xx_hal_tim_ex.o ABSOLUTE
    ..\Drivers\STM32F1xx_HAL_Driver\Src\stm32f1xx_hal_uart.c 0x00000000   Number         0  stm32f1xx_hal_uart.o ABSOLUTE
    ..\USER\delay.c                          0x00000000   Number         0  delay.o ABSOLUTE
    ..\USER\myiic.c                          0x00000000   Number         0  myiic.o ABSOLUTE
    ..\USER\user.c                           0x00000000   Number         0  user.o ABSOLUTE
    ..\\Device\\HX711.c                      0x00000000   Number         0  hx711.o ABSOLUTE
    ..\\Device\\SYN6288.c                    0x00000000   Number         0  syn6288.o ABSOLUTE
    ..\\Device\\TM1650.c                     0x00000000   Number         0  tm1650.o ABSOLUTE
    ..\\USER\\delay.c                        0x00000000   Number         0  delay.o ABSOLUTE
    ..\\USER\\myiic.c                        0x00000000   Number         0  myiic.o ABSOLUTE
    ..\\USER\\user.c                         0x00000000   Number         0  user.o ABSOLUTE
    cdrcmple.s                               0x00000000   Number         0  cdrcmple.o ABSOLUTE
    dc.s                                     0x00000000   Number         0  dc.o ABSOLUTE
    handlers.s                               0x00000000   Number         0  handlers.o ABSOLUTE
    init.s                                   0x00000000   Number         0  init.o ABSOLUTE
    startup_stm32f103xb.s                    0x00000000   Number         0  startup_stm32f103xb.o ABSOLUTE
    RESET                                    0x08000000   Section      236  startup_stm32f103xb.o(RESET)
    .ARM.Collect$$$$00000000                 0x080000ec   Section        0  entry.o(.ARM.Collect$$$$00000000)
    .ARM.Collect$$$$00000001                 0x080000ec   Section        4  entry2.o(.ARM.Collect$$$$00000001)
    .ARM.Collect$$$$00000004                 0x080000f0   Section        4  entry5.o(.ARM.Collect$$$$00000004)
    .ARM.Collect$$$$00000008                 0x080000f4   Section        0  entry7b.o(.ARM.Collect$$$$00000008)
    .ARM.Collect$$$$0000000A                 0x080000f4   Section        0  entry8b.o(.ARM.Collect$$$$0000000A)
    .ARM.Collect$$$$0000000B                 0x080000f4   Section        8  entry9a.o(.ARM.Collect$$$$0000000B)
    .ARM.Collect$$$$0000000D                 0x080000fc   Section        0  entry10a.o(.ARM.Collect$$$$0000000D)
    .ARM.Collect$$$$0000000F                 0x080000fc   Section        0  entry11a.o(.ARM.Collect$$$$0000000F)
    .ARM.Collect$$$$00002712                 0x080000fc   Section        4  entry2.o(.ARM.Collect$$$$00002712)
    __lit__00000000                          0x080000fc   Data           4  entry2.o(.ARM.Collect$$$$00002712)
    .text                                    0x08000100   Section       36  startup_stm32f103xb.o(.text)
    .text                                    0x08000124   Section        0  llushr.o(.text)
    .text                                    0x08000144   Section        0  memcpya.o(.text)
    .text                                    0x08000168   Section        0  memseta.o(.text)
    .text                                    0x0800018c   Section        0  strlen.o(.text)
    .text                                    0x0800019a   Section        0  fdiv.o(.text)
    .text                                    0x08000216   Section        0  ffltui.o(.text)
    .text                                    0x08000220   Section        0  f2d.o(.text)
    .text                                    0x08000246   Section        0  uidiv.o(.text)
    .text                                    0x08000272   Section        0  uldiv.o(.text)
    .text                                    0x080002d4   Section        0  iusefp.o(.text)
    .text                                    0x080002d4   Section        0  fepilogue.o(.text)
    .text                                    0x08000342   Section        0  dadd.o(.text)
    .text                                    0x08000490   Section        0  dmul.o(.text)
    .text                                    0x08000574   Section        0  ddiv.o(.text)
    .text                                    0x08000652   Section        0  dfixul.o(.text)
    .text                                    0x08000684   Section       48  cdrcmple.o(.text)
    .text                                    0x080006b4   Section       36  init.o(.text)
    .text                                    0x080006d8   Section        0  llshl.o(.text)
    .text                                    0x080006f6   Section        0  llsshr.o(.text)
    .text                                    0x0800071a   Section        0  depilogue.o(.text)
    i.Aip650_SendDigData                     0x080007d4   Section        0  tm1650.o(i.Aip650_SendDigData)
    i.BusFault_Handler                       0x080007fa   Section        0  stm32f1xx_it.o(i.BusFault_Handler)
    i.DMA1_Channel3_IRQHandler               0x080007fc   Section        0  stm32f1xx_it.o(i.DMA1_Channel3_IRQHandler)
    i.DMA_SetConfig                          0x08000808   Section        0  stm32f1xx_hal_dma.o(i.DMA_SetConfig)
    DMA_SetConfig                            0x08000809   Thumb Code    42  stm32f1xx_hal_dma.o(i.DMA_SetConfig)
    i.DebugMon_Handler                       0x08000832   Section        0  stm32f1xx_it.o(i.DebugMon_Handler)
    i.DigitalScan                            0x08000834   Section        0  tm1650.o(i.DigitalScan)
    i.DisplayNumber                          0x08000860   Section        0  tm1650.o(i.DisplayNumber)
    i.DisplayNumber_4BitDig                  0x080008ac   Section        0  tm1650.o(i.DisplayNumber_4BitDig)
    i.DisplayOff                             0x08000904   Section        0  tm1650.o(i.DisplayOff)
    i.Error_Handler                          0x08000920   Section        0  main.o(i.Error_Handler)
    i.HAL_DMA_Abort                          0x08000922   Section        0  stm32f1xx_hal_dma.o(i.HAL_DMA_Abort)
    i.HAL_DMA_Abort_IT                       0x08000968   Section        0  stm32f1xx_hal_dma.o(i.HAL_DMA_Abort_IT)
    i.HAL_DMA_IRQHandler                     0x08000a00   Section        0  stm32f1xx_hal_dma.o(i.HAL_DMA_IRQHandler)
    i.HAL_DMA_Init                           0x08000b54   Section        0  stm32f1xx_hal_dma.o(i.HAL_DMA_Init)
    i.HAL_DMA_Start_IT                       0x08000bb0   Section        0  stm32f1xx_hal_dma.o(i.HAL_DMA_Start_IT)
    i.HAL_Delay                              0x08000c20   Section        0  stm32f1xx_hal.o(i.HAL_Delay)
    i.HAL_GPIO_Init                          0x08000c44   Section        0  stm32f1xx_hal_gpio.o(i.HAL_GPIO_Init)
    i.HAL_GPIO_ReadPin                       0x08000e24   Section        0  stm32f1xx_hal_gpio.o(i.HAL_GPIO_ReadPin)
    i.HAL_GPIO_WritePin                      0x08000e2e   Section        0  stm32f1xx_hal_gpio.o(i.HAL_GPIO_WritePin)
    i.HAL_GetTick                            0x08000e38   Section        0  stm32f1xx_hal.o(i.HAL_GetTick)
    i.HAL_I2C_Init                           0x08000e44   Section        0  stm32f1xx_hal_i2c.o(i.HAL_I2C_Init)
    i.HAL_I2C_MspInit                        0x08000fcc   Section        0  i2c.o(i.HAL_I2C_MspInit)
    i.HAL_IncTick                            0x08001028   Section        0  stm32f1xx_hal.o(i.HAL_IncTick)
    i.HAL_Init                               0x08001038   Section        0  stm32f1xx_hal.o(i.HAL_Init)
    i.HAL_InitTick                           0x0800105c   Section        0  stm32f1xx_hal.o(i.HAL_InitTick)
    i.HAL_MspInit                            0x0800109c   Section        0  stm32f1xx_hal_msp.o(i.HAL_MspInit)
    i.HAL_NVIC_EnableIRQ                     0x080010e0   Section        0  stm32f1xx_hal_cortex.o(i.HAL_NVIC_EnableIRQ)
    i.HAL_NVIC_SetPriority                   0x080010fc   Section        0  stm32f1xx_hal_cortex.o(i.HAL_NVIC_SetPriority)
    i.HAL_NVIC_SetPriorityGrouping           0x0800113c   Section        0  stm32f1xx_hal_cortex.o(i.HAL_NVIC_SetPriorityGrouping)
    i.HAL_RCC_ClockConfig                    0x08001160   Section        0  stm32f1xx_hal_rcc.o(i.HAL_RCC_ClockConfig)
    i.HAL_RCC_GetPCLK1Freq                   0x0800128c   Section        0  stm32f1xx_hal_rcc.o(i.HAL_RCC_GetPCLK1Freq)
    i.HAL_RCC_GetPCLK2Freq                   0x080012ac   Section        0  stm32f1xx_hal_rcc.o(i.HAL_RCC_GetPCLK2Freq)
    i.HAL_RCC_GetSysClockFreq                0x080012cc   Section        0  stm32f1xx_hal_rcc.o(i.HAL_RCC_GetSysClockFreq)
    i.HAL_RCC_OscConfig                      0x08001338   Section        0  stm32f1xx_hal_rcc.o(i.HAL_RCC_OscConfig)
    i.HAL_SYSTICK_CLKSourceConfig            0x08001658   Section        0  stm32f1xx_hal_cortex.o(i.HAL_SYSTICK_CLKSourceConfig)
    i.HAL_SYSTICK_Config                     0x08001670   Section        0  stm32f1xx_hal_cortex.o(i.HAL_SYSTICK_Config)
    i.HAL_UART_DMAStop                       0x08001698   Section        0  stm32f1xx_hal_uart.o(i.HAL_UART_DMAStop)
    i.HAL_UART_ErrorCallback                 0x080016f0   Section        0  stm32f1xx_hal_uart.o(i.HAL_UART_ErrorCallback)
    i.HAL_UART_IRQHandler                    0x080016f4   Section        0  stm32f1xx_hal_uart.o(i.HAL_UART_IRQHandler)
    i.HAL_UART_Init                          0x08001850   Section        0  stm32f1xx_hal_uart.o(i.HAL_UART_Init)
    i.HAL_UART_MspInit                       0x080018b4   Section        0  usart.o(i.HAL_UART_MspInit)
    i.HAL_UART_Receive_DMA                   0x080019f8   Section        0  stm32f1xx_hal_uart.o(i.HAL_UART_Receive_DMA)
    i.HAL_UART_RxCpltCallback                0x08001a90   Section        0  stm32f1xx_hal_uart.o(i.HAL_UART_RxCpltCallback)
    i.HAL_UART_RxHalfCpltCallback            0x08001a92   Section        0  stm32f1xx_hal_uart.o(i.HAL_UART_RxHalfCpltCallback)
    i.HAL_UART_TxCpltCallback                0x08001a94   Section        0  stm32f1xx_hal_uart.o(i.HAL_UART_TxCpltCallback)
    i.HardFault_Handler                      0x08001a96   Section        0  stm32f1xx_it.o(i.HardFault_Handler)
    i.IIC_Send_Byte                          0x08001a98   Section        0  myiic.o(i.IIC_Send_Byte)
    i.IIC_Start                              0x08001b04   Section        0  myiic.o(i.IIC_Start)
    i.IIC_Stop                               0x08001b54   Section        0  myiic.o(i.IIC_Stop)
    i.IIC_Wait_Ack                           0x08001ba4   Section        0  myiic.o(i.IIC_Wait_Ack)
    i.MX_DMA_Init                            0x08001c0c   Section        0  dma.o(i.MX_DMA_Init)
    i.MX_GPIO_Init                           0x08001c38   Section        0  gpio.o(i.MX_GPIO_Init)
    i.MX_I2C1_Init                           0x08001ccc   Section        0  i2c.o(i.MX_I2C1_Init)
    i.MX_USART1_UART_Init                    0x08001d0c   Section        0  usart.o(i.MX_USART1_UART_Init)
    i.MX_USART2_UART_Init                    0x08001d44   Section        0  usart.o(i.MX_USART2_UART_Init)
    i.MX_USART3_UART_Init                    0x08001d7c   Section        0  usart.o(i.MX_USART3_UART_Init)
    i.MemManage_Handler                      0x08001db4   Section        0  stm32f1xx_it.o(i.MemManage_Handler)
    i.MyIICInit                              0x08001db8   Section        0  myiic.o(i.MyIICInit)
    i.NMI_Handler                            0x08001df4   Section        0  stm32f1xx_it.o(i.NMI_Handler)
    i.PendSV_Handler                         0x08001df6   Section        0  stm32f1xx_it.o(i.PendSV_Handler)
    i.Read_Weigh                             0x08001df8   Section        0  hx711.o(i.Read_Weigh)
    i.SVC_Handler                            0x08001ea4   Section        0  stm32f1xx_it.o(i.SVC_Handler)
    i.SYN_FrameInfo                          0x08001ea6   Section        0  syn6288.o(i.SYN_FrameInfo)
    i.SysTick_Handler                        0x08001f26   Section        0  stm32f1xx_it.o(i.SysTick_Handler)
    i.SystemClock_Config                     0x08001f2a   Section        0  main.o(i.SystemClock_Config)
    i.SystemInit                             0x08001f78   Section        0  system_stm32f1xx.o(i.SystemInit)
    i.TM1650_Init                            0x08001f7c   Section        0  tm1650.o(i.TM1650_Init)
    i.TM1650_SendCommand                     0x08001fb8   Section        0  tm1650.o(i.TM1650_SendCommand)
    i.UART_DMAAbortOnError                   0x08001fde   Section        0  stm32f1xx_hal_uart.o(i.UART_DMAAbortOnError)
    UART_DMAAbortOnError                     0x08001fdf   Thumb Code    16  stm32f1xx_hal_uart.o(i.UART_DMAAbortOnError)
    i.UART_DMAError                          0x08001fee   Section        0  stm32f1xx_hal_uart.o(i.UART_DMAError)
    UART_DMAError                            0x08001fef   Thumb Code    74  stm32f1xx_hal_uart.o(i.UART_DMAError)
    i.UART_DMAReceiveCplt                    0x08002038   Section        0  stm32f1xx_hal_uart.o(i.UART_DMAReceiveCplt)
    UART_DMAReceiveCplt                      0x08002039   Thumb Code    60  stm32f1xx_hal_uart.o(i.UART_DMAReceiveCplt)
    i.UART_DMARxHalfCplt                     0x08002074   Section        0  stm32f1xx_hal_uart.o(i.UART_DMARxHalfCplt)
    UART_DMARxHalfCplt                       0x08002075   Thumb Code    10  stm32f1xx_hal_uart.o(i.UART_DMARxHalfCplt)
    i.UART_EndRxTransfer                     0x0800207e   Section        0  stm32f1xx_hal_uart.o(i.UART_EndRxTransfer)
    UART_EndRxTransfer                       0x0800207f   Thumb Code    28  stm32f1xx_hal_uart.o(i.UART_EndRxTransfer)
    i.UART_EndTxTransfer                     0x0800209a   Section        0  stm32f1xx_hal_uart.o(i.UART_EndTxTransfer)
    UART_EndTxTransfer                       0x0800209b   Thumb Code    18  stm32f1xx_hal_uart.o(i.UART_EndTxTransfer)
    i.UART_Receive_IT                        0x080020ac   Section        0  stm32f1xx_hal_uart.o(i.UART_Receive_IT)
    UART_Receive_IT                          0x080020ad   Thumb Code   140  stm32f1xx_hal_uart.o(i.UART_Receive_IT)
    i.UART_SetConfig                         0x08002138   Section        0  stm32f1xx_hal_uart.o(i.UART_SetConfig)
    UART_SetConfig                           0x08002139   Thumb Code   178  stm32f1xx_hal_uart.o(i.UART_SetConfig)
    i.USART2_SendData                        0x080021f0   Section        0  usart.o(i.USART2_SendData)
    i.USART2_SendString                      0x08002204   Section        0  usart.o(i.USART2_SendString)
    i.USART3_IRQHandler                      0x08002224   Section        0  stm32f1xx_it.o(i.USART3_IRQHandler)
    i.USART3_SendData                        0x08002264   Section        0  usart.o(i.USART3_SendData)
    i.USART3_SendString                      0x08002278   Section        0  usart.o(i.USART3_SendString)
    i.UsageFault_Handler                     0x08002296   Section        0  stm32f1xx_it.o(i.UsageFault_Handler)
    i.WeighCount                             0x08002298   Section        0  user.o(i.WeighCount)
    i.WeighDisplay                           0x080026bc   Section        0  user.o(i.WeighDisplay)
    i.WeighInit                              0x080026c4   Section        0  user.o(i.WeighInit)
    i.__0printf                              0x080026f8   Section        0  printfa.o(i.__0printf)
    i.__0sprintf                             0x08002718   Section        0  printfa.o(i.__0sprintf)
    i.__NVIC_SetPriority                     0x08002740   Section        0  stm32f1xx_hal_cortex.o(i.__NVIC_SetPriority)
    __NVIC_SetPriority                       0x08002741   Thumb Code    32  stm32f1xx_hal_cortex.o(i.__NVIC_SetPriority)
    i.__scatterload_copy                     0x08002760   Section       14  handlers.o(i.__scatterload_copy)
    i.__scatterload_null                     0x0800276e   Section        2  handlers.o(i.__scatterload_null)
    i.__scatterload_zeroinit                 0x08002770   Section       14  handlers.o(i.__scatterload_zeroinit)
    i._fp_digits                             0x08002780   Section        0  printfa.o(i._fp_digits)
    _fp_digits                               0x08002781   Thumb Code   366  printfa.o(i._fp_digits)
    i._printf_core                           0x08002904   Section        0  printfa.o(i._printf_core)
    _printf_core                             0x08002905   Thumb Code  1744  printfa.o(i._printf_core)
    i._printf_post_padding                   0x08002fe0   Section        0  printfa.o(i._printf_post_padding)
    _printf_post_padding                     0x08002fe1   Thumb Code    36  printfa.o(i._printf_post_padding)
    i._printf_pre_padding                    0x08003004   Section        0  printfa.o(i._printf_pre_padding)
    _printf_pre_padding                      0x08003005   Thumb Code    46  printfa.o(i._printf_pre_padding)
    i._sputc                                 0x08003032   Section        0  printfa.o(i._sputc)
    _sputc                                   0x08003033   Thumb Code    10  printfa.o(i._sputc)
    i.delay_init                             0x0800303c   Section        0  delay.o(i.delay_init)
    i.delay_ms                               0x08003050   Section        0  delay.o(i.delay_ms)
    i.delay_us                               0x0800306c   Section        0  delay.o(i.delay_us)
    i.fputc                                  0x080030a0   Section        0  usart.o(i.fputc)
    i.getBLEdata                             0x080030b8   Section        0  user.o(i.getBLEdata)
    i.main                                   0x080030f8   Section        0  main.o(i.main)
    .constdata                               0x08003270   Section       16  system_stm32f1xx.o(.constdata)
    .constdata                               0x08003280   Section        8  system_stm32f1xx.o(.constdata)
    .data                                    0x20000000   Section        4  usart.o(.data)
    .data                                    0x20000004   Section       12  stm32f1xx_hal.o(.data)
    .data                                    0x20000010   Section        4  system_stm32f1xx.o(.data)
    .data                                    0x20000014   Section       26  tm1650.o(.data)
    .data                                    0x20000030   Section        4  delay.o(.data)
    fac_us                                   0x20000030   Data           4  delay.o(.data)
    .data                                    0x20000034   Section       36  user.o(.data)
    timeflag                                 0x20000036   Data           2  user.o(.data)
    weighflag                                0x20000038   Data           2  user.o(.data)
    Weigh                                    0x20000048   Data           4  user.o(.data)
    val                                      0x2000004c   Data           4  user.o(.data)
    Weigh                                    0x20000050   Data           4  user.o(.data)
    val                                      0x20000054   Data           4  user.o(.data)
    .bss                                     0x20000058   Section       84  i2c.o(.bss)
    .bss                                     0x200000ac   Section      260  usart.o(.bss)
    .bss                                     0x200001b0   Section       10  user.o(.bss)
    .bss                                     0x200001bc   Section       70  user.o(.bss)
    WeighArr                                 0x200001bc   Data          40  user.o(.bss)
    spkStr                                   0x200001e4   Data          30  user.o(.bss)
    STACK                                    0x20000208   Section     1024  startup_stm32f103xb.o(STACK)

    Global Symbols

    Symbol Name                              Value     Ov Type        Size  Object(Section)

    BuildAttributes$$THM_ISAv4$P$D$K$B$S$PE$A:L22UL41UL21$X:L11$S22US41US21$IEEE1$IW$USESV6$~STKCKD$USESV7$~SHL$OTIME$ROPI$EBA8$MICROLIB$REQ8$PRES8$EABIv2 0x00000000   Number         0  anon$$obj.o ABSOLUTE
    __ARM_use_no_argv                        0x00000000   Number         0  main.o ABSOLUTE
    __use_no_errno                           0x00000000   Number         0  useno.o ABSOLUTE
    __use_no_exception_handling              0x00000000   Number         0  useno.o ABSOLUTE
    __use_no_fp                              0x00000000   Number         0  useno.o ABSOLUTE
    __use_no_heap                            0x00000000   Number         0  useno.o ABSOLUTE
    __use_no_heap_region                     0x00000000   Number         0  useno.o ABSOLUTE
    __use_no_semihosting                     0x00000000   Number         0  useno.o ABSOLUTE
    __use_no_semihosting_swi                 0x00000000   Number         0  useno.o ABSOLUTE
    __use_no_signal_handling                 0x00000000   Number         0  useno.o ABSOLUTE
    _printf_a                                0x00000000   Number         0  stubs.o ABSOLUTE
    _printf_c                                0x00000000   Number         0  stubs.o ABSOLUTE
    _printf_charcount                        0x00000000   Number         0  stubs.o ABSOLUTE
    _printf_d                                0x00000000   Number         0  stubs.o ABSOLUTE
    _printf_e                                0x00000000   Number         0  stubs.o ABSOLUTE
    _printf_f                                0x00000000   Number         0  stubs.o ABSOLUTE
    _printf_flags                            0x00000000   Number         0  stubs.o ABSOLUTE
    _printf_fp_dec                           0x00000000   Number         0  stubs.o ABSOLUTE
    _printf_fp_hex                           0x00000000   Number         0  stubs.o ABSOLUTE
    _printf_g                                0x00000000   Number         0  stubs.o ABSOLUTE
    _printf_i                                0x00000000   Number         0  stubs.o ABSOLUTE
    _printf_int_dec                          0x00000000   Number         0  stubs.o ABSOLUTE
    _printf_l                                0x00000000   Number         0  stubs.o ABSOLUTE
    _printf_lc                               0x00000000   Number         0  stubs.o ABSOLUTE
    _printf_ll                               0x00000000   Number         0  stubs.o ABSOLUTE
    _printf_lld                              0x00000000   Number         0  stubs.o ABSOLUTE
    _printf_lli                              0x00000000   Number         0  stubs.o ABSOLUTE
    _printf_llo                              0x00000000   Number         0  stubs.o ABSOLUTE
    _printf_llu                              0x00000000   Number         0  stubs.o ABSOLUTE
    _printf_llx                              0x00000000   Number         0  stubs.o ABSOLUTE
    _printf_longlong_dec                     0x00000000   Number         0  stubs.o ABSOLUTE
    _printf_longlong_hex                     0x00000000   Number         0  stubs.o ABSOLUTE
    _printf_longlong_oct                     0x00000000   Number         0  stubs.o ABSOLUTE
    _printf_ls                               0x00000000   Number         0  stubs.o ABSOLUTE
    _printf_mbtowc                           0x00000000   Number         0  stubs.o ABSOLUTE
    _printf_n                                0x00000000   Number         0  stubs.o ABSOLUTE
    _printf_o                                0x00000000   Number         0  stubs.o ABSOLUTE
    _printf_p                                0x00000000   Number         0  stubs.o ABSOLUTE
    _printf_percent                          0x00000000   Number         0  stubs.o ABSOLUTE
    _printf_pre_padding                      0x00000000   Number         0  stubs.o ABSOLUTE
    _printf_return_value                     0x00000000   Number         0  stubs.o ABSOLUTE
    _printf_s                                0x00000000   Number         0  stubs.o ABSOLUTE
    _printf_sizespec                         0x00000000   Number         0  stubs.o ABSOLUTE
    _printf_str                              0x00000000   Number         0  stubs.o ABSOLUTE
    _printf_truncate_signed                  0x00000000   Number         0  stubs.o ABSOLUTE
    _printf_truncate_unsigned                0x00000000   Number         0  stubs.o ABSOLUTE
    _printf_u                                0x00000000   Number         0  stubs.o ABSOLUTE
    _printf_wc                               0x00000000   Number         0  stubs.o ABSOLUTE
    _printf_wctomb                           0x00000000   Number         0  stubs.o ABSOLUTE
    _printf_widthprec                        0x00000000   Number         0  stubs.o ABSOLUTE
    _printf_x                                0x00000000   Number         0  stubs.o ABSOLUTE
    __cpp_initialize__aeabi_                  - Undefined Weak Reference
    __cxa_finalize                            - Undefined Weak Reference
    __decompress                              - Undefined Weak Reference
    _clock_init                               - Undefined Weak Reference
    _microlib_exit                            - Undefined Weak Reference
    __Vectors_Size                           0x000000ec   Number         0  startup_stm32f103xb.o ABSOLUTE
    __Vectors                                0x08000000   Data           4  startup_stm32f103xb.o(RESET)
    __Vectors_End                            0x080000ec   Data           0  startup_stm32f103xb.o(RESET)
    __main                                   0x080000ed   Thumb Code     0  entry.o(.ARM.Collect$$$$00000000)
    _main_stk                                0x080000ed   Thumb Code     0  entry2.o(.ARM.Collect$$$$00000001)
    _main_scatterload                        0x080000f1   Thumb Code     0  entry5.o(.ARM.Collect$$$$00000004)
    __main_after_scatterload                 0x080000f5   Thumb Code     0  entry5.o(.ARM.Collect$$$$00000004)
    _main_clock                              0x080000f5   Thumb Code     0  entry7b.o(.ARM.Collect$$$$00000008)
    _main_cpp_init                           0x080000f5   Thumb Code     0  entry8b.o(.ARM.Collect$$$$0000000A)
    _main_init                               0x080000f5   Thumb Code     0  entry9a.o(.ARM.Collect$$$$0000000B)
    __rt_final_cpp                           0x080000fd   Thumb Code     0  entry10a.o(.ARM.Collect$$$$0000000D)
    __rt_final_exit                          0x080000fd   Thumb Code     0  entry11a.o(.ARM.Collect$$$$0000000F)
    Reset_Handler                            0x08000101   Thumb Code     8  startup_stm32f103xb.o(.text)
    ADC1_2_IRQHandler                        0x0800011b   Thumb Code     0  startup_stm32f103xb.o(.text)
    CAN1_RX1_IRQHandler                      0x0800011b   Thumb Code     0  startup_stm32f103xb.o(.text)
    CAN1_SCE_IRQHandler                      0x0800011b   Thumb Code     0  startup_stm32f103xb.o(.text)
    DMA1_Channel1_IRQHandler                 0x0800011b   Thumb Code     0  startup_stm32f103xb.o(.text)
    DMA1_Channel2_IRQHandler                 0x0800011b   Thumb Code     0  startup_stm32f103xb.o(.text)
    DMA1_Channel4_IRQHandler                 0x0800011b   Thumb Code     0  startup_stm32f103xb.o(.text)
    DMA1_Channel5_IRQHandler                 0x0800011b   Thumb Code     0  startup_stm32f103xb.o(.text)
    DMA1_Channel6_IRQHandler                 0x0800011b   Thumb Code     0  startup_stm32f103xb.o(.text)
    DMA1_Channel7_IRQHandler                 0x0800011b   Thumb Code     0  startup_stm32f103xb.o(.text)
    EXTI0_IRQHandler                         0x0800011b   Thumb Code     0  startup_stm32f103xb.o(.text)
    EXTI15_10_IRQHandler                     0x0800011b   Thumb Code     0  startup_stm32f103xb.o(.text)
    EXTI1_IRQHandler                         0x0800011b   Thumb Code     0  startup_stm32f103xb.o(.text)
    EXTI2_IRQHandler                         0x0800011b   Thumb Code     0  startup_stm32f103xb.o(.text)
    EXTI3_IRQHandler                         0x0800011b   Thumb Code     0  startup_stm32f103xb.o(.text)
    EXTI4_IRQHandler                         0x0800011b   Thumb Code     0  startup_stm32f103xb.o(.text)
    EXTI9_5_IRQHandler                       0x0800011b   Thumb Code     0  startup_stm32f103xb.o(.text)
    FLASH_IRQHandler                         0x0800011b   Thumb Code     0  startup_stm32f103xb.o(.text)
    I2C1_ER_IRQHandler                       0x0800011b   Thumb Code     0  startup_stm32f103xb.o(.text)
    I2C1_EV_IRQHandler                       0x0800011b   Thumb Code     0  startup_stm32f103xb.o(.text)
    I2C2_ER_IRQHandler                       0x0800011b   Thumb Code     0  startup_stm32f103xb.o(.text)
    I2C2_EV_IRQHandler                       0x0800011b   Thumb Code     0  startup_stm32f103xb.o(.text)
    PVD_IRQHandler                           0x0800011b   Thumb Code     0  startup_stm32f103xb.o(.text)
    RCC_IRQHandler                           0x0800011b   Thumb Code     0  startup_stm32f103xb.o(.text)
    RTC_Alarm_IRQHandler                     0x0800011b   Thumb Code     0  startup_stm32f103xb.o(.text)
    RTC_IRQHandler                           0x0800011b   Thumb Code     0  startup_stm32f103xb.o(.text)
    SPI1_IRQHandler                          0x0800011b   Thumb Code     0  startup_stm32f103xb.o(.text)
    SPI2_IRQHandler                          0x0800011b   Thumb Code     0  startup_stm32f103xb.o(.text)
    TAMPER_IRQHandler                        0x0800011b   Thumb Code     0  startup_stm32f103xb.o(.text)
    TIM1_BRK_IRQHandler                      0x0800011b   Thumb Code     0  startup_stm32f103xb.o(.text)
    TIM1_CC_IRQHandler                       0x0800011b   Thumb Code     0  startup_stm32f103xb.o(.text)
    TIM1_TRG_COM_IRQHandler                  0x0800011b   Thumb Code     0  startup_stm32f103xb.o(.text)
    TIM1_UP_IRQHandler                       0x0800011b   Thumb Code     0  startup_stm32f103xb.o(.text)
    TIM2_IRQHandler                          0x0800011b   Thumb Code     0  startup_stm32f103xb.o(.text)
    TIM3_IRQHandler                          0x0800011b   Thumb Code     0  startup_stm32f103xb.o(.text)
    TIM4_IRQHandler                          0x0800011b   Thumb Code     0  startup_stm32f103xb.o(.text)
    USART1_IRQHandler                        0x0800011b   Thumb Code     0  startup_stm32f103xb.o(.text)
    USART2_IRQHandler                        0x0800011b   Thumb Code     0  startup_stm32f103xb.o(.text)
    USBWakeUp_IRQHandler                     0x0800011b   Thumb Code     0  startup_stm32f103xb.o(.text)
    USB_HP_CAN1_TX_IRQHandler                0x0800011b   Thumb Code     0  startup_stm32f103xb.o(.text)
    USB_LP_CAN1_RX0_IRQHandler               0x0800011b   Thumb Code     0  startup_stm32f103xb.o(.text)
    WWDG_IRQHandler                          0x0800011b   Thumb Code     0  startup_stm32f103xb.o(.text)
    __aeabi_llsr                             0x08000125   Thumb Code    32  llushr.o(.text)
    _ll_ushift_r                             0x08000125   Thumb Code     0  llushr.o(.text)
    __aeabi_memcpy                           0x08000145   Thumb Code    36  memcpya.o(.text)
    __aeabi_memcpy4                          0x08000145   Thumb Code     0  memcpya.o(.text)
    __aeabi_memcpy8                          0x08000145   Thumb Code     0  memcpya.o(.text)
    __aeabi_memset                           0x08000169   Thumb Code    14  memseta.o(.text)
    __aeabi_memset4                          0x08000169   Thumb Code     0  memseta.o(.text)
    __aeabi_memset8                          0x08000169   Thumb Code     0  memseta.o(.text)
    __aeabi_memclr                           0x08000177   Thumb Code     4  memseta.o(.text)
    __aeabi_memclr4                          0x08000177   Thumb Code     0  memseta.o(.text)
    __aeabi_memclr8                          0x08000177   Thumb Code     0  memseta.o(.text)
    _memset$wrapper                          0x0800017b   Thumb Code    18  memseta.o(.text)
    strlen                                   0x0800018d   Thumb Code    14  strlen.o(.text)
    __aeabi_fdiv                             0x0800019b   Thumb Code   124  fdiv.o(.text)
    __aeabi_ui2f                             0x08000217   Thumb Code    10  ffltui.o(.text)
    __aeabi_f2d                              0x08000221   Thumb Code    38  f2d.o(.text)
    __aeabi_uidiv                            0x08000247   Thumb Code     0  uidiv.o(.text)
    __aeabi_uidivmod                         0x08000247   Thumb Code    44  uidiv.o(.text)
    __aeabi_uldivmod                         0x08000273   Thumb Code    98  uldiv.o(.text)
    __I$use$fp                               0x080002d5   Thumb Code     0  iusefp.o(.text)
    _float_round                             0x080002d5   Thumb Code    18  fepilogue.o(.text)
    _float_epilogue                          0x080002e7   Thumb Code    92  fepilogue.o(.text)
    __aeabi_dadd                             0x08000343   Thumb Code   322  dadd.o(.text)
    __aeabi_dsub                             0x08000485   Thumb Code     6  dadd.o(.text)
    __aeabi_drsub                            0x0800048b   Thumb Code     6  dadd.o(.text)
    __aeabi_dmul                             0x08000491   Thumb Code   228  dmul.o(.text)
    __aeabi_ddiv                             0x08000575   Thumb Code   222  ddiv.o(.text)
    __aeabi_d2ulz                            0x08000653   Thumb Code    48  dfixul.o(.text)
    __aeabi_cdrcmple                         0x08000685   Thumb Code    48  cdrcmple.o(.text)
    __scatterload                            0x080006b5   Thumb Code    28  init.o(.text)
    __scatterload_rt2                        0x080006b5   Thumb Code     0  init.o(.text)
    __aeabi_llsl                             0x080006d9   Thumb Code    30  llshl.o(.text)
    _ll_shift_l                              0x080006d9   Thumb Code     0  llshl.o(.text)
    __aeabi_lasr                             0x080006f7   Thumb Code    36  llsshr.o(.text)
    _ll_sshift_r                             0x080006f7   Thumb Code     0  llsshr.o(.text)
    _double_round                            0x0800071b   Thumb Code    30  depilogue.o(.text)
    _double_epilogue                         0x08000739   Thumb Code   156  depilogue.o(.text)
    Aip650_SendDigData                       0x080007d5   Thumb Code    38  tm1650.o(i.Aip650_SendDigData)
    BusFault_Handler                         0x080007fb   Thumb Code     2  stm32f1xx_it.o(i.BusFault_Handler)
    DMA1_Channel3_IRQHandler                 0x080007fd   Thumb Code     6  stm32f1xx_it.o(i.DMA1_Channel3_IRQHandler)
    DebugMon_Handler                         0x08000833   Thumb Code     2  stm32f1xx_it.o(i.DebugMon_Handler)
    DigitalScan                              0x08000835   Thumb Code    40  tm1650.o(i.DigitalScan)
    DisplayNumber                            0x08000861   Thumb Code    72  tm1650.o(i.DisplayNumber)
    DisplayNumber_4BitDig                    0x080008ad   Thumb Code    82  tm1650.o(i.DisplayNumber_4BitDig)
    DisplayOff                               0x08000905   Thumb Code    24  tm1650.o(i.DisplayOff)
    Error_Handler                            0x08000921   Thumb Code     2  main.o(i.Error_Handler)
    HAL_DMA_Abort                            0x08000923   Thumb Code    70  stm32f1xx_hal_dma.o(i.HAL_DMA_Abort)
    HAL_DMA_Abort_IT                         0x08000969   Thumb Code   148  stm32f1xx_hal_dma.o(i.HAL_DMA_Abort_IT)
    HAL_DMA_IRQHandler                       0x08000a01   Thumb Code   316  stm32f1xx_hal_dma.o(i.HAL_DMA_IRQHandler)
    HAL_DMA_Init                             0x08000b55   Thumb Code    84  stm32f1xx_hal_dma.o(i.HAL_DMA_Init)
    HAL_DMA_Start_IT                         0x08000bb1   Thumb Code   112  stm32f1xx_hal_dma.o(i.HAL_DMA_Start_IT)
    HAL_Delay                                0x08000c21   Thumb Code    32  stm32f1xx_hal.o(i.HAL_Delay)
    HAL_GPIO_Init                            0x08000c45   Thumb Code   446  stm32f1xx_hal_gpio.o(i.HAL_GPIO_Init)
    HAL_GPIO_ReadPin                         0x08000e25   Thumb Code    10  stm32f1xx_hal_gpio.o(i.HAL_GPIO_ReadPin)
    HAL_GPIO_WritePin                        0x08000e2f   Thumb Code    10  stm32f1xx_hal_gpio.o(i.HAL_GPIO_WritePin)
    HAL_GetTick                              0x08000e39   Thumb Code     6  stm32f1xx_hal.o(i.HAL_GetTick)
    HAL_I2C_Init                             0x08000e45   Thumb Code   376  stm32f1xx_hal_i2c.o(i.HAL_I2C_Init)
    HAL_I2C_MspInit                          0x08000fcd   Thumb Code    80  i2c.o(i.HAL_I2C_MspInit)
    HAL_IncTick                              0x08001029   Thumb Code    12  stm32f1xx_hal.o(i.HAL_IncTick)
    HAL_Init                                 0x08001039   Thumb Code    32  stm32f1xx_hal.o(i.HAL_Init)
    HAL_InitTick                             0x0800105d   Thumb Code    54  stm32f1xx_hal.o(i.HAL_InitTick)
    HAL_MspInit                              0x0800109d   Thumb Code    58  stm32f1xx_hal_msp.o(i.HAL_MspInit)
    HAL_NVIC_EnableIRQ                       0x080010e1   Thumb Code    26  stm32f1xx_hal_cortex.o(i.HAL_NVIC_EnableIRQ)
    HAL_NVIC_SetPriority                     0x080010fd   Thumb Code    60  stm32f1xx_hal_cortex.o(i.HAL_NVIC_SetPriority)
    HAL_NVIC_SetPriorityGrouping             0x0800113d   Thumb Code    26  stm32f1xx_hal_cortex.o(i.HAL_NVIC_SetPriorityGrouping)
    HAL_RCC_ClockConfig                      0x08001161   Thumb Code   280  stm32f1xx_hal_rcc.o(i.HAL_RCC_ClockConfig)
    HAL_RCC_GetPCLK1Freq                     0x0800128d   Thumb Code    20  stm32f1xx_hal_rcc.o(i.HAL_RCC_GetPCLK1Freq)
    HAL_RCC_GetPCLK2Freq                     0x080012ad   Thumb Code    20  stm32f1xx_hal_rcc.o(i.HAL_RCC_GetPCLK2Freq)
    HAL_RCC_GetSysClockFreq                  0x080012cd   Thumb Code    74  stm32f1xx_hal_rcc.o(i.HAL_RCC_GetSysClockFreq)
    HAL_RCC_OscConfig                        0x08001339   Thumb Code   778  stm32f1xx_hal_rcc.o(i.HAL_RCC_OscConfig)
    HAL_SYSTICK_CLKSourceConfig              0x08001659   Thumb Code    24  stm32f1xx_hal_cortex.o(i.HAL_SYSTICK_CLKSourceConfig)
    HAL_SYSTICK_Config                       0x08001671   Thumb Code    40  stm32f1xx_hal_cortex.o(i.HAL_SYSTICK_Config)
    HAL_UART_DMAStop                         0x08001699   Thumb Code    88  stm32f1xx_hal_uart.o(i.HAL_UART_DMAStop)
    HAL_UART_ErrorCallback                   0x080016f1   Thumb Code     2  stm32f1xx_hal_uart.o(i.HAL_UART_ErrorCallback)
    HAL_UART_IRQHandler                      0x080016f5   Thumb Code   344  stm32f1xx_hal_uart.o(i.HAL_UART_IRQHandler)
    HAL_UART_Init                            0x08001851   Thumb Code    98  stm32f1xx_hal_uart.o(i.HAL_UART_Init)
    HAL_UART_MspInit                         0x080018b5   Thumb Code   292  usart.o(i.HAL_UART_MspInit)
    HAL_UART_Receive_DMA                     0x080019f9   Thumb Code   138  stm32f1xx_hal_uart.o(i.HAL_UART_Receive_DMA)
    HAL_UART_RxCpltCallback                  0x08001a91   Thumb Code     2  stm32f1xx_hal_uart.o(i.HAL_UART_RxCpltCallback)
    HAL_UART_RxHalfCpltCallback              0x08001a93   Thumb Code     2  stm32f1xx_hal_uart.o(i.HAL_UART_RxHalfCpltCallback)
    HAL_UART_TxCpltCallback                  0x08001a95   Thumb Code     2  stm32f1xx_hal_uart.o(i.HAL_UART_TxCpltCallback)
    HardFault_Handler                        0x08001a97   Thumb Code     2  stm32f1xx_it.o(i.HardFault_Handler)
    IIC_Send_Byte                            0x08001a99   Thumb Code   104  myiic.o(i.IIC_Send_Byte)
    IIC_Start                                0x08001b05   Thumb Code    76  myiic.o(i.IIC_Start)
    IIC_Stop                                 0x08001b55   Thumb Code    76  myiic.o(i.IIC_Stop)
    IIC_Wait_Ack                             0x08001ba5   Thumb Code    98  myiic.o(i.IIC_Wait_Ack)
    MX_DMA_Init                              0x08001c0d   Thumb Code    40  dma.o(i.MX_DMA_Init)
    MX_GPIO_Init                             0x08001c39   Thumb Code   136  gpio.o(i.MX_GPIO_Init)
    MX_I2C1_Init                             0x08001ccd   Thumb Code    50  i2c.o(i.MX_I2C1_Init)
    MX_USART1_UART_Init                      0x08001d0d   Thumb Code    48  usart.o(i.MX_USART1_UART_Init)
    MX_USART2_UART_Init                      0x08001d45   Thumb Code    48  usart.o(i.MX_USART2_UART_Init)
    MX_USART3_UART_Init                      0x08001d7d   Thumb Code    48  usart.o(i.MX_USART3_UART_Init)
    MemManage_Handler                        0x08001db5   Thumb Code     2  stm32f1xx_it.o(i.MemManage_Handler)
    MyIICInit                                0x08001db9   Thumb Code    50  myiic.o(i.MyIICInit)
    NMI_Handler                              0x08001df5   Thumb Code     2  stm32f1xx_it.o(i.NMI_Handler)
    PendSV_Handler                           0x08001df7   Thumb Code     2  stm32f1xx_it.o(i.PendSV_Handler)
    Read_Weigh                               0x08001df9   Thumb Code   168  hx711.o(i.Read_Weigh)
    SVC_Handler                              0x08001ea5   Thumb Code     2  stm32f1xx_it.o(i.SVC_Handler)
    SYN_FrameInfo                            0x08001ea7   Thumb Code   128  syn6288.o(i.SYN_FrameInfo)
    SysTick_Handler                          0x08001f27   Thumb Code     4  stm32f1xx_it.o(i.SysTick_Handler)
    SystemClock_Config                       0x08001f2b   Thumb Code    78  main.o(i.SystemClock_Config)
    SystemInit                               0x08001f79   Thumb Code     2  system_stm32f1xx.o(i.SystemInit)
    TM1650_Init                              0x08001f7d   Thumb Code    54  tm1650.o(i.TM1650_Init)
    TM1650_SendCommand                       0x08001fb9   Thumb Code    38  tm1650.o(i.TM1650_SendCommand)
    USART2_SendData                          0x080021f1   Thumb Code    16  usart.o(i.USART2_SendData)
    USART2_SendString                        0x08002205   Thumb Code    30  usart.o(i.USART2_SendString)
    USART3_IRQHandler                        0x08002225   Thumb Code    50  stm32f1xx_it.o(i.USART3_IRQHandler)
    USART3_SendData                          0x08002265   Thumb Code    16  usart.o(i.USART3_SendData)
    USART3_SendString                        0x08002279   Thumb Code    30  usart.o(i.USART3_SendString)
    UsageFault_Handler                       0x08002297   Thumb Code     2  stm32f1xx_it.o(i.UsageFault_Handler)
    WeighCount                               0x08002299   Thumb Code   978  user.o(i.WeighCount)
    WeighDisplay                             0x080026bd   Thumb Code     6  user.o(i.WeighDisplay)
    WeighInit                                0x080026c5   Thumb Code    48  user.o(i.WeighInit)
    __0printf                                0x080026f9   Thumb Code    22  printfa.o(i.__0printf)
    __1printf                                0x080026f9   Thumb Code     0  printfa.o(i.__0printf)
    __2printf                                0x080026f9   Thumb Code     0  printfa.o(i.__0printf)
    __c89printf                              0x080026f9   Thumb Code     0  printfa.o(i.__0printf)
    printf                                   0x080026f9   Thumb Code     0  printfa.o(i.__0printf)
    __0sprintf                               0x08002719   Thumb Code    34  printfa.o(i.__0sprintf)
    __1sprintf                               0x08002719   Thumb Code     0  printfa.o(i.__0sprintf)
    __2sprintf                               0x08002719   Thumb Code     0  printfa.o(i.__0sprintf)
    __c89sprintf                             0x08002719   Thumb Code     0  printfa.o(i.__0sprintf)
    sprintf                                  0x08002719   Thumb Code     0  printfa.o(i.__0sprintf)
    __scatterload_copy                       0x08002761   Thumb Code    14  handlers.o(i.__scatterload_copy)
    __scatterload_null                       0x0800276f   Thumb Code     2  handlers.o(i.__scatterload_null)
    __scatterload_zeroinit                   0x08002771   Thumb Code    14  handlers.o(i.__scatterload_zeroinit)
    delay_init                               0x0800303d   Thumb Code    16  delay.o(i.delay_init)
    delay_ms                                 0x08003051   Thumb Code    26  delay.o(i.delay_ms)
    delay_us                                 0x0800306d   Thumb Code    48  delay.o(i.delay_us)
    fputc                                    0x080030a1   Thumb Code    18  usart.o(i.fputc)
    getBLEdata                               0x080030b9   Thumb Code    58  user.o(i.getBLEdata)
    main                                     0x080030f9   Thumb Code   350  main.o(i.main)
    AHBPrescTable                            0x08003270   Data          16  system_stm32f1xx.o(.constdata)
    APBPrescTable                            0x08003280   Data           8  system_stm32f1xx.o(.constdata)
    Region$$Table$$Base                      0x08003288   Number         0  anon$$obj.o(Region$$Table)
    Region$$Table$$Limit                     0x080032a8   Number         0  anon$$obj.o(Region$$Table)
    __stdout                                 0x20000000   Data           4  usart.o(.data)
    uwTickFreq                               0x20000004   Data           1  stm32f1xx_hal.o(.data)
    uwTickPrio                               0x20000008   Data           4  stm32f1xx_hal.o(.data)
    uwTick                                   0x2000000c   Data           4  stm32f1xx_hal.o(.data)
    SystemCoreClock                          0x20000010   Data           4  system_stm32f1xx.o(.data)
    Dig1_Data                                0x20000014   Data           1  tm1650.o(.data)
    Dig2_Data                                0x20000015   Data           1  tm1650.o(.data)
    Dig3_Data                                0x20000016   Data           1  tm1650.o(.data)
    Dig4_Data                                0x20000017   Data           1  tm1650.o(.data)
    Digital_Table                            0x20000018   Data          11  tm1650.o(.data)
    Digital_Table2                           0x20000023   Data          11  tm1650.o(.data)
    TarMode                                  0x20000034   Data           1  user.o(.data)
    InitFlag                                 0x20000035   Data           1  user.o(.data)
    TarWeigh                                 0x2000003a   Data           3  user.o(.data)
    BasicsVal                                0x20000040   Data           4  user.o(.data)
    ErrVal                                   0x20000044   Data           4  user.o(.data)
    hi2c1                                    0x20000058   Data          84  i2c.o(.bss)
    huart1                                   0x200000ac   Data          64  usart.o(.bss)
    huart2                                   0x200000ec   Data          64  usart.o(.bss)
    huart3                                   0x2000012c   Data          64  usart.o(.bss)
    hdma_usart3_rx                           0x2000016c   Data          68  usart.o(.bss)
    BLEbuff                                  0x200001b0   Data          10  user.o(.bss)
    __initial_sp                             0x20000608   Data           0  startup_stm32f103xb.o(STACK)



==============================================================================

Memory Map of the image

  Image Entry point : 0x080000ed

  Load Region LR_IROM1 (Base: 0x08000000, Size: 0x00003300, Max: 0x00010000, ABSOLUTE)

    Execution Region ER_IROM1 (Exec base: 0x08000000, Load base: 0x08000000, Size: 0x000032a8, Max: 0x00010000, ABSOLUTE)

    Exec Addr    Load Addr    Size         Type   Attr      Idx    E Section Name        Object

    0x08000000   0x08000000   0x000000ec   Data   RO            3    RESET               startup_stm32f103xb.o
    0x080000ec   0x080000ec   0x00000000   Code   RO         2577  * .ARM.Collect$$$$00000000  mc_w.l(entry.o)
    0x080000ec   0x080000ec   0x00000004   Code   RO         2857    .ARM.Collect$$$$00000001  mc_w.l(entry2.o)
    0x080000f0   0x080000f0   0x00000004   Code   RO         2860    .ARM.Collect$$$$00000004  mc_w.l(entry5.o)
    0x080000f4   0x080000f4   0x00000000   Code   RO         2862    .ARM.Collect$$$$00000008  mc_w.l(entry7b.o)
    0x080000f4   0x080000f4   0x00000000   Code   RO         2864    .ARM.Collect$$$$0000000A  mc_w.l(entry8b.o)
    0x080000f4   0x080000f4   0x00000008   Code   RO         2865    .ARM.Collect$$$$0000000B  mc_w.l(entry9a.o)
    0x080000fc   0x080000fc   0x00000000   Code   RO         2867    .ARM.Collect$$$$0000000D  mc_w.l(entry10a.o)
    0x080000fc   0x080000fc   0x00000000   Code   RO         2869    .ARM.Collect$$$$0000000F  mc_w.l(entry11a.o)
    0x080000fc   0x080000fc   0x00000004   Code   RO         2858    .ARM.Collect$$$$00002712  mc_w.l(entry2.o)
    0x08000100   0x08000100   0x00000024   Code   RO            4    .text               startup_stm32f103xb.o
    0x08000124   0x08000124   0x00000020   Code   RO         2580    .text               mc_w.l(llushr.o)
    0x08000144   0x08000144   0x00000024   Code   RO         2582    .text               mc_w.l(memcpya.o)
    0x08000168   0x08000168   0x00000024   Code   RO         2584    .text               mc_w.l(memseta.o)
    0x0800018c   0x0800018c   0x0000000e   Code   RO         2586    .text               mc_w.l(strlen.o)
    0x0800019a   0x0800019a   0x0000007c   Code   RO         2851    .text               mf_w.l(fdiv.o)
    0x08000216   0x08000216   0x0000000a   Code   RO         2853    .text               mf_w.l(ffltui.o)
    0x08000220   0x08000220   0x00000026   Code   RO         2855    .text               mf_w.l(f2d.o)
    0x08000246   0x08000246   0x0000002c   Code   RO         2871    .text               mc_w.l(uidiv.o)
    0x08000272   0x08000272   0x00000062   Code   RO         2873    .text               mc_w.l(uldiv.o)
    0x080002d4   0x080002d4   0x00000000   Code   RO         2875    .text               mc_w.l(iusefp.o)
    0x080002d4   0x080002d4   0x0000006e   Code   RO         2876    .text               mf_w.l(fepilogue.o)
    0x08000342   0x08000342   0x0000014e   Code   RO         2878    .text               mf_w.l(dadd.o)
    0x08000490   0x08000490   0x000000e4   Code   RO         2880    .text               mf_w.l(dmul.o)
    0x08000574   0x08000574   0x000000de   Code   RO         2882    .text               mf_w.l(ddiv.o)
    0x08000652   0x08000652   0x00000030   Code   RO         2884    .text               mf_w.l(dfixul.o)
    0x08000682   0x08000682   0x00000002   PAD
    0x08000684   0x08000684   0x00000030   Code   RO         2886    .text               mf_w.l(cdrcmple.o)
    0x080006b4   0x080006b4   0x00000024   Code   RO         2888    .text               mc_w.l(init.o)
    0x080006d8   0x080006d8   0x0000001e   Code   RO         2890    .text               mc_w.l(llshl.o)
    0x080006f6   0x080006f6   0x00000024   Code   RO         2892    .text               mc_w.l(llsshr.o)
    0x0800071a   0x0800071a   0x000000ba   Code   RO         2894    .text               mf_w.l(depilogue.o)
    0x080007d4   0x080007d4   0x00000026   Code   RO         2306    i.Aip650_SendDigData  tm1650.o
    0x080007fa   0x080007fa   0x00000002   Code   RO          361    i.BusFault_Handler  stm32f1xx_it.o
    0x080007fc   0x080007fc   0x0000000c   Code   RO          362    i.DMA1_Channel3_IRQHandler  stm32f1xx_it.o
    0x08000808   0x08000808   0x0000002a   Code   RO         1314    i.DMA_SetConfig     stm32f1xx_hal_dma.o
    0x08000832   0x08000832   0x00000002   Code   RO          363    i.DebugMon_Handler  stm32f1xx_it.o
    0x08000834   0x08000834   0x0000002c   Code   RO         2307    i.DigitalScan       tm1650.o
    0x08000860   0x08000860   0x0000004c   Code   RO         2308    i.DisplayNumber     tm1650.o
    0x080008ac   0x080008ac   0x00000058   Code   RO         2309    i.DisplayNumber_4BitDig  tm1650.o
    0x08000904   0x08000904   0x0000001c   Code   RO         2310    i.DisplayOff        tm1650.o
    0x08000920   0x08000920   0x00000002   Code   RO           13    i.Error_Handler     main.o
    0x08000922   0x08000922   0x00000046   Code   RO         1315    i.HAL_DMA_Abort     stm32f1xx_hal_dma.o
    0x08000968   0x08000968   0x00000098   Code   RO         1316    i.HAL_DMA_Abort_IT  stm32f1xx_hal_dma.o
    0x08000a00   0x08000a00   0x00000154   Code   RO         1320    i.HAL_DMA_IRQHandler  stm32f1xx_hal_dma.o
    0x08000b54   0x08000b54   0x0000005c   Code   RO         1321    i.HAL_DMA_Init      stm32f1xx_hal_dma.o
    0x08000bb0   0x08000bb0   0x00000070   Code   RO         1325    i.HAL_DMA_Start_IT  stm32f1xx_hal_dma.o
    0x08000c20   0x08000c20   0x00000024   Code   RO          943    i.HAL_Delay         stm32f1xx_hal.o
    0x08000c44   0x08000c44   0x000001e0   Code   RO         1251    i.HAL_GPIO_Init     stm32f1xx_hal_gpio.o
    0x08000e24   0x08000e24   0x0000000a   Code   RO         1253    i.HAL_GPIO_ReadPin  stm32f1xx_hal_gpio.o
    0x08000e2e   0x08000e2e   0x0000000a   Code   RO         1255    i.HAL_GPIO_WritePin  stm32f1xx_hal_gpio.o
    0x08000e38   0x08000e38   0x0000000c   Code   RO          947    i.HAL_GetTick       stm32f1xx_hal.o
    0x08000e44   0x08000e44   0x00000188   Code   RO          520    i.HAL_I2C_Init      stm32f1xx_hal_i2c.o
    0x08000fcc   0x08000fcc   0x0000005c   Code   RO          220    i.HAL_I2C_MspInit   i2c.o
    0x08001028   0x08001028   0x00000010   Code   RO          953    i.HAL_IncTick       stm32f1xx_hal.o
    0x08001038   0x08001038   0x00000024   Code   RO          954    i.HAL_Init          stm32f1xx_hal.o
    0x0800105c   0x0800105c   0x00000040   Code   RO          955    i.HAL_InitTick      stm32f1xx_hal.o
    0x0800109c   0x0800109c   0x00000044   Code   RO          449    i.HAL_MspInit       stm32f1xx_hal_msp.o
    0x080010e0   0x080010e0   0x0000001a   Code   RO         1411    i.HAL_NVIC_EnableIRQ  stm32f1xx_hal_cortex.o
    0x080010fa   0x080010fa   0x00000002   PAD
    0x080010fc   0x080010fc   0x00000040   Code   RO         1417    i.HAL_NVIC_SetPriority  stm32f1xx_hal_cortex.o
    0x0800113c   0x0800113c   0x00000024   Code   RO         1418    i.HAL_NVIC_SetPriorityGrouping  stm32f1xx_hal_cortex.o
    0x08001160   0x08001160   0x0000012c   Code   RO         1111    i.HAL_RCC_ClockConfig  stm32f1xx_hal_rcc.o
    0x0800128c   0x0800128c   0x00000020   Code   RO         1118    i.HAL_RCC_GetPCLK1Freq  stm32f1xx_hal_rcc.o
    0x080012ac   0x080012ac   0x00000020   Code   RO         1119    i.HAL_RCC_GetPCLK2Freq  stm32f1xx_hal_rcc.o
    0x080012cc   0x080012cc   0x0000006c   Code   RO         1120    i.HAL_RCC_GetSysClockFreq  stm32f1xx_hal_rcc.o
    0x08001338   0x08001338   0x00000320   Code   RO         1123    i.HAL_RCC_OscConfig  stm32f1xx_hal_rcc.o
    0x08001658   0x08001658   0x00000018   Code   RO         1420    i.HAL_SYSTICK_CLKSourceConfig  stm32f1xx_hal_cortex.o
    0x08001670   0x08001670   0x00000028   Code   RO         1422    i.HAL_SYSTICK_Config  stm32f1xx_hal_cortex.o
    0x08001698   0x08001698   0x00000058   Code   RO         1966    i.HAL_UART_DMAStop  stm32f1xx_hal_uart.o
    0x080016f0   0x080016f0   0x00000002   Code   RO         1968    i.HAL_UART_ErrorCallback  stm32f1xx_hal_uart.o
    0x080016f2   0x080016f2   0x00000002   PAD
    0x080016f4   0x080016f4   0x0000015c   Code   RO         1971    i.HAL_UART_IRQHandler  stm32f1xx_hal_uart.o
    0x08001850   0x08001850   0x00000062   Code   RO         1972    i.HAL_UART_Init     stm32f1xx_hal_uart.o
    0x080018b2   0x080018b2   0x00000002   PAD
    0x080018b4   0x080018b4   0x00000144   Code   RO          262    i.HAL_UART_MspInit  usart.o
    0x080019f8   0x080019f8   0x00000098   Code   RO         1976    i.HAL_UART_Receive_DMA  stm32f1xx_hal_uart.o
    0x08001a90   0x08001a90   0x00000002   Code   RO         1978    i.HAL_UART_RxCpltCallback  stm32f1xx_hal_uart.o
    0x08001a92   0x08001a92   0x00000002   Code   RO         1979    i.HAL_UART_RxHalfCpltCallback  stm32f1xx_hal_uart.o
    0x08001a94   0x08001a94   0x00000002   Code   RO         1983    i.HAL_UART_TxCpltCallback  stm32f1xx_hal_uart.o
    0x08001a96   0x08001a96   0x00000002   Code   RO          364    i.HardFault_Handler  stm32f1xx_it.o
    0x08001a98   0x08001a98   0x0000006c   Code   RO         2425    i.IIC_Send_Byte     myiic.o
    0x08001b04   0x08001b04   0x00000050   Code   RO         2426    i.IIC_Start         myiic.o
    0x08001b54   0x08001b54   0x00000050   Code   RO         2427    i.IIC_Stop          myiic.o
    0x08001ba4   0x08001ba4   0x00000068   Code   RO         2428    i.IIC_Wait_Ack      myiic.o
    0x08001c0c   0x08001c0c   0x0000002c   Code   RO          195    i.MX_DMA_Init       dma.o
    0x08001c38   0x08001c38   0x00000094   Code   RO          171    i.MX_GPIO_Init      gpio.o
    0x08001ccc   0x08001ccc   0x00000040   Code   RO          221    i.MX_I2C1_Init      i2c.o
    0x08001d0c   0x08001d0c   0x00000038   Code   RO          263    i.MX_USART1_UART_Init  usart.o
    0x08001d44   0x08001d44   0x00000038   Code   RO          264    i.MX_USART2_UART_Init  usart.o
    0x08001d7c   0x08001d7c   0x00000038   Code   RO          265    i.MX_USART3_UART_Init  usart.o
    0x08001db4   0x08001db4   0x00000002   Code   RO          365    i.MemManage_Handler  stm32f1xx_it.o
    0x08001db6   0x08001db6   0x00000002   PAD
    0x08001db8   0x08001db8   0x0000003c   Code   RO         2429    i.MyIICInit         myiic.o
    0x08001df4   0x08001df4   0x00000002   Code   RO          366    i.NMI_Handler       stm32f1xx_it.o
    0x08001df6   0x08001df6   0x00000002   Code   RO          367    i.PendSV_Handler    stm32f1xx_it.o
    0x08001df8   0x08001df8   0x000000ac   Code   RO         2398    i.Read_Weigh        hx711.o
    0x08001ea4   0x08001ea4   0x00000002   Code   RO          368    i.SVC_Handler       stm32f1xx_it.o
    0x08001ea6   0x08001ea6   0x00000080   Code   RO         2368    i.SYN_FrameInfo     syn6288.o
    0x08001f26   0x08001f26   0x00000004   Code   RO          369    i.SysTick_Handler   stm32f1xx_it.o
    0x08001f2a   0x08001f2a   0x0000004e   Code   RO           14    i.SystemClock_Config  main.o
    0x08001f78   0x08001f78   0x00000002   Code   RO         2269    i.SystemInit        system_stm32f1xx.o
    0x08001f7a   0x08001f7a   0x00000002   PAD
    0x08001f7c   0x08001f7c   0x0000003c   Code   RO         2311    i.TM1650_Init       tm1650.o
    0x08001fb8   0x08001fb8   0x00000026   Code   RO         2312    i.TM1650_SendCommand  tm1650.o
    0x08001fde   0x08001fde   0x00000010   Code   RO         1985    i.UART_DMAAbortOnError  stm32f1xx_hal_uart.o
    0x08001fee   0x08001fee   0x0000004a   Code   RO         1986    i.UART_DMAError     stm32f1xx_hal_uart.o
    0x08002038   0x08002038   0x0000003c   Code   RO         1987    i.UART_DMAReceiveCplt  stm32f1xx_hal_uart.o
    0x08002074   0x08002074   0x0000000a   Code   RO         1989    i.UART_DMARxHalfCplt  stm32f1xx_hal_uart.o
    0x0800207e   0x0800207e   0x0000001c   Code   RO         1995    i.UART_EndRxTransfer  stm32f1xx_hal_uart.o
    0x0800209a   0x0800209a   0x00000012   Code   RO         1996    i.UART_EndTxTransfer  stm32f1xx_hal_uart.o
    0x080020ac   0x080020ac   0x0000008c   Code   RO         1997    i.UART_Receive_IT   stm32f1xx_hal_uart.o
    0x08002138   0x08002138   0x000000b8   Code   RO         1998    i.UART_SetConfig    stm32f1xx_hal_uart.o
    0x080021f0   0x080021f0   0x00000014   Code   RO          266    i.USART2_SendData   usart.o
    0x08002204   0x08002204   0x0000001e   Code   RO          267    i.USART2_SendString  usart.o
    0x08002222   0x08002222   0x00000002   PAD
    0x08002224   0x08002224   0x00000040   Code   RO          370    i.USART3_IRQHandler  stm32f1xx_it.o
    0x08002264   0x08002264   0x00000014   Code   RO          268    i.USART3_SendData   usart.o
    0x08002278   0x08002278   0x0000001e   Code   RO          269    i.USART3_SendString  usart.o
    0x08002296   0x08002296   0x00000002   Code   RO          371    i.UsageFault_Handler  stm32f1xx_it.o
    0x08002298   0x08002298   0x00000424   Code   RO         2529    i.WeighCount        user.o
    0x080026bc   0x080026bc   0x00000006   Code   RO         2530    i.WeighDisplay      user.o
    0x080026c2   0x080026c2   0x00000002   PAD
    0x080026c4   0x080026c4   0x00000034   Code   RO         2531    i.WeighInit         user.o
    0x080026f8   0x080026f8   0x00000020   Code   RO         2823    i.__0printf         mc_w.l(printfa.o)
    0x08002718   0x08002718   0x00000028   Code   RO         2825    i.__0sprintf        mc_w.l(printfa.o)
    0x08002740   0x08002740   0x00000020   Code   RO         1424    i.__NVIC_SetPriority  stm32f1xx_hal_cortex.o
    0x08002760   0x08002760   0x0000000e   Code   RO         2898    i.__scatterload_copy  mc_w.l(handlers.o)
    0x0800276e   0x0800276e   0x00000002   Code   RO         2899    i.__scatterload_null  mc_w.l(handlers.o)
    0x08002770   0x08002770   0x0000000e   Code   RO         2900    i.__scatterload_zeroinit  mc_w.l(handlers.o)
    0x0800277e   0x0800277e   0x00000002   PAD
    0x08002780   0x08002780   0x00000184   Code   RO         2830    i._fp_digits        mc_w.l(printfa.o)
    0x08002904   0x08002904   0x000006dc   Code   RO         2831    i._printf_core      mc_w.l(printfa.o)
    0x08002fe0   0x08002fe0   0x00000024   Code   RO         2832    i._printf_post_padding  mc_w.l(printfa.o)
    0x08003004   0x08003004   0x0000002e   Code   RO         2833    i._printf_pre_padding  mc_w.l(printfa.o)
    0x08003032   0x08003032   0x0000000a   Code   RO         2835    i._sputc            mc_w.l(printfa.o)
    0x0800303c   0x0800303c   0x00000014   Code   RO         2491    i.delay_init        delay.o
    0x08003050   0x08003050   0x0000001a   Code   RO         2492    i.delay_ms          delay.o
    0x0800306a   0x0800306a   0x00000002   PAD
    0x0800306c   0x0800306c   0x00000034   Code   RO         2493    i.delay_us          delay.o
    0x080030a0   0x080030a0   0x00000018   Code   RO          271    i.fputc             usart.o
    0x080030b8   0x080030b8   0x00000040   Code   RO         2532    i.getBLEdata        user.o
    0x080030f8   0x080030f8   0x00000178   Code   RO           15    i.main              main.o
    0x08003270   0x08003270   0x00000010   Data   RO         2270    .constdata          system_stm32f1xx.o
    0x08003280   0x08003280   0x00000008   Data   RO         2271    .constdata          system_stm32f1xx.o
    0x08003288   0x08003288   0x00000020   Data   RO         2896    Region$$Table       anon$$obj.o


    Execution Region RW_IRAM1 (Exec base: 0x20000000, Load base: 0x080032a8, Size: 0x00000608, Max: 0x00005000, ABSOLUTE)

    Exec Addr    Load Addr    Size         Type   Attr      Idx    E Section Name        Object

    0x20000000   0x080032a8   0x00000004   Data   RW          273    .data               usart.o
    0x20000004   0x080032ac   0x0000000c   Data   RW          961    .data               stm32f1xx_hal.o
    0x20000010   0x080032b8   0x00000004   Data   RW         2272    .data               system_stm32f1xx.o
    0x20000014   0x080032bc   0x0000001a   Data   RW         2313    .data               tm1650.o
    0x2000002e   0x080032d6   0x00000002   PAD
    0x20000030   0x080032d8   0x00000004   Data   RW         2494    .data               delay.o
    0x20000034   0x080032dc   0x00000024   Data   RW         2536    .data               user.o
    0x20000058        -       0x00000054   Zero   RW          222    .bss                i2c.o
    0x200000ac        -       0x00000104   Zero   RW          272    .bss                usart.o
    0x200001b0        -       0x0000000a   Zero   RW         2533    .bss                user.o
    0x200001ba   0x08003300   0x00000002   PAD
    0x200001bc        -       0x00000046   Zero   RW         2535    .bss                user.o
    0x20000202   0x08003300   0x00000006   PAD
    0x20000208        -       0x00000400   Zero   RW            1    STACK               startup_stm32f103xb.o


==============================================================================

Image component sizes


      Code (inc. data)   RO Data    RW Data    ZI Data      Debug   Object Name

        98          8          0          4          0       1667   delay.o
        44          4          0          0          0        698   dma.o
       148         12          0          0          0        871   gpio.o
       172          4          0          0          0        573   hx711.o
       156         26          0          0         84       1501   i2c.o
       456         26          0          0          0     401724   main.o
       432         28          0          0          0       2790   myiic.o
        36          8        236          0       1024        772   startup_stm32f103xb.o
       164         28          0         12          0       5665   stm32f1xx_hal.o
       222         14          0          0          0      29325   stm32f1xx_hal_cortex.o
       808         36          0          0          0       4778   stm32f1xx_hal_dma.o
       500         34          0          0          0       3391   stm32f1xx_hal_gpio.o
       392         16          0          0          0       3023   stm32f1xx_hal_i2c.o
        68         10          0          0          0        810   stm32f1xx_hal_msp.o
      1272        100          0          0          0       5012   stm32f1xx_hal_rcc.o
      1224         24          0          0          0      10459   stm32f1xx_hal_uart.o
        96         20          0          0          0       4501   stm32f1xx_it.o
       128          0          0          0          0       1244   syn6288.o
         2          0         24          4          0       1023   system_stm32f1xx.o
       372         24          0         26          0       4136   tm1650.o
       616         70          0          4        260       7253   usart.o
      1182         92          0         36         80       3383   user.o

    ----------------------------------------------------------------------
      8604        584        292         88       1456     494599   Object Totals
         0          0         32          0          0          0   (incl. Generated)
        16          0          0          2          8          0   (incl. Padding)

    ----------------------------------------------------------------------

      Code (inc. data)   RO Data    RW Data    ZI Data      Debug   Library Member Name

         0          0          0          0          0          0   entry.o
         0          0          0          0          0          0   entry10a.o
         0          0          0          0          0          0   entry11a.o
         8          4          0          0          0          0   entry2.o
         4          0          0          0          0          0   entry5.o
         0          0          0          0          0          0   entry7b.o
         0          0          0          0          0          0   entry8b.o
         8          4          0          0          0          0   entry9a.o
        30          0          0          0          0          0   handlers.o
        36          8          0          0          0         68   init.o
         0          0          0          0          0          0   iusefp.o
        30          0          0          0          0         68   llshl.o
        36          0          0          0          0         68   llsshr.o
        32          0          0          0          0         68   llushr.o
        36          0          0          0          0         68   memcpya.o
        36          0          0          0          0        108   memseta.o
      2308         96          0          0          0        604   printfa.o
        14          0          0          0          0         68   strlen.o
        44          0          0          0          0         80   uidiv.o
        98          0          0          0          0         92   uldiv.o
        48          0          0          0          0         68   cdrcmple.o
       334          0          0          0          0        148   dadd.o
       222          0          0          0          0        100   ddiv.o
       186          0          0          0          0        176   depilogue.o
        48          0          0          0          0         68   dfixul.o
       228          0          0          0          0         96   dmul.o
        38          0          0          0          0         68   f2d.o
       124          0          0          0          0         88   fdiv.o
       110          0          0          0          0        168   fepilogue.o
        10          0          0          0          0         68   ffltui.o

    ----------------------------------------------------------------------
      4072        112          0          0          0       2340   Library Totals
         4          0          0          0          0          0   (incl. Padding)

    ----------------------------------------------------------------------

      Code (inc. data)   RO Data    RW Data    ZI Data      Debug   Library Name

      2720        112          0          0          0       1292   mc_w.l
      1348          0          0          0          0       1048   mf_w.l

    ----------------------------------------------------------------------
      4072        112          0          0          0       2340   Library Totals

    ----------------------------------------------------------------------

==============================================================================


      Code (inc. data)   RO Data    RW Data    ZI Data      Debug   

     12676        696        292         88       1456     491163   Grand Totals
     12676        696        292         88       1456     491163   ELF Image Totals
     12676        696        292         88          0          0   ROM Totals

==============================================================================

    Total RO  Size (Code + RO Data)                12968 (  12.66kB)
    Total RW  Size (RW Data + ZI Data)              1544 (   1.51kB)
    Total ROM Size (Code + RO Data + RW Data)      13056 (  12.75kB)

==============================================================================

